Archive member included to satisfy reference by file (symbol)

C:/ST/STM32CubeIDE_1.19.0/STM32CubeIDE/plugins/com.st.stm32cube.ide.mcu.externaltools.gnu-tools-for-stm32.13.3.rel1.win32_1.0.0.202411081344/tools/bin/../lib/gcc/arm-none-eabi/13.3.1/../../../../arm-none-eabi/lib/thumb/v7e-m+fp/hard\libc_nano.a(libc_a-exit.o)
                              C:/ST/STM32CubeIDE_1.19.0/STM32CubeIDE/plugins/com.st.stm32cube.ide.mcu.externaltools.gnu-tools-for-stm32.13.3.rel1.win32_1.0.0.202411081344/tools/bin/../lib/gcc/arm-none-eabi/13.3.1/../../../../arm-none-eabi/lib/thumb/v7e-m+fp/hard/crt0.o (exit)
C:/ST/STM32CubeIDE_1.19.0/STM32CubeIDE/plugins/com.st.stm32cube.ide.mcu.externaltools.gnu-tools-for-stm32.13.3.rel1.win32_1.0.0.202411081344/tools/bin/../lib/gcc/arm-none-eabi/13.3.1/../../../../arm-none-eabi/lib/thumb/v7e-m+fp/hard\libc_nano.a(libc_a-findfp.o)
                              ./Middlewares/Third_Party/FreeRTOS/Source/tasks.o (__sf)
C:/ST/STM32CubeIDE_1.19.0/STM32CubeIDE/plugins/com.st.stm32cube.ide.mcu.externaltools.gnu-tools-for-stm32.13.3.rel1.win32_1.0.0.202411081344/tools/bin/../lib/gcc/arm-none-eabi/13.3.1/../../../../arm-none-eabi/lib/thumb/v7e-m+fp/hard\libc_nano.a(libc_a-fwalk.o)
                              C:/ST/STM32CubeIDE_1.19.0/STM32CubeIDE/plugins/com.st.stm32cube.ide.mcu.externaltools.gnu-tools-for-stm32.13.3.rel1.win32_1.0.0.202411081344/tools/bin/../lib/gcc/arm-none-eabi/13.3.1/../../../../arm-none-eabi/lib/thumb/v7e-m+fp/hard\libc_nano.a(libc_a-findfp.o) (_fwalk_sglue)
C:/ST/STM32CubeIDE_1.19.0/STM32CubeIDE/plugins/com.st.stm32cube.ide.mcu.externaltools.gnu-tools-for-stm32.13.3.rel1.win32_1.0.0.202411081344/tools/bin/../lib/gcc/arm-none-eabi/13.3.1/../../../../arm-none-eabi/lib/thumb/v7e-m+fp/hard\libc_nano.a(libc_a-stdio.o)
                              C:/ST/STM32CubeIDE_1.19.0/STM32CubeIDE/plugins/com.st.stm32cube.ide.mcu.externaltools.gnu-tools-for-stm32.13.3.rel1.win32_1.0.0.202411081344/tools/bin/../lib/gcc/arm-none-eabi/13.3.1/../../../../arm-none-eabi/lib/thumb/v7e-m+fp/hard\libc_nano.a(libc_a-findfp.o) (__sread)
C:/ST/STM32CubeIDE_1.19.0/STM32CubeIDE/plugins/com.st.stm32cube.ide.mcu.externaltools.gnu-tools-for-stm32.13.3.rel1.win32_1.0.0.202411081344/tools/bin/../lib/gcc/arm-none-eabi/13.3.1/../../../../arm-none-eabi/lib/thumb/v7e-m+fp/hard\libc_nano.a(libc_a-memset.o)
                              C:/ST/STM32CubeIDE_1.19.0/STM32CubeIDE/plugins/com.st.stm32cube.ide.mcu.externaltools.gnu-tools-for-stm32.13.3.rel1.win32_1.0.0.202411081344/tools/bin/../lib/gcc/arm-none-eabi/13.3.1/../../../../arm-none-eabi/lib/thumb/v7e-m+fp/hard/crt0.o (memset)
C:/ST/STM32CubeIDE_1.19.0/STM32CubeIDE/plugins/com.st.stm32cube.ide.mcu.externaltools.gnu-tools-for-stm32.13.3.rel1.win32_1.0.0.202411081344/tools/bin/../lib/gcc/arm-none-eabi/13.3.1/../../../../arm-none-eabi/lib/thumb/v7e-m+fp/hard\libc_nano.a(libc_a-closer.o)
                              C:/ST/STM32CubeIDE_1.19.0/STM32CubeIDE/plugins/com.st.stm32cube.ide.mcu.externaltools.gnu-tools-for-stm32.13.3.rel1.win32_1.0.0.202411081344/tools/bin/../lib/gcc/arm-none-eabi/13.3.1/../../../../arm-none-eabi/lib/thumb/v7e-m+fp/hard\libc_nano.a(libc_a-stdio.o) (_close_r)
C:/ST/STM32CubeIDE_1.19.0/STM32CubeIDE/plugins/com.st.stm32cube.ide.mcu.externaltools.gnu-tools-for-stm32.13.3.rel1.win32_1.0.0.202411081344/tools/bin/../lib/gcc/arm-none-eabi/13.3.1/../../../../arm-none-eabi/lib/thumb/v7e-m+fp/hard\libc_nano.a(libc_a-reent.o)
                              ./Middlewares/Third_Party/FreeRTOS/Source/tasks.o (_reclaim_reent)
C:/ST/STM32CubeIDE_1.19.0/STM32CubeIDE/plugins/com.st.stm32cube.ide.mcu.externaltools.gnu-tools-for-stm32.13.3.rel1.win32_1.0.0.202411081344/tools/bin/../lib/gcc/arm-none-eabi/13.3.1/../../../../arm-none-eabi/lib/thumb/v7e-m+fp/hard\libc_nano.a(libc_a-impure.o)
                              ./Middlewares/Third_Party/FreeRTOS/Source/tasks.o (_impure_ptr)
C:/ST/STM32CubeIDE_1.19.0/STM32CubeIDE/plugins/com.st.stm32cube.ide.mcu.externaltools.gnu-tools-for-stm32.13.3.rel1.win32_1.0.0.202411081344/tools/bin/../lib/gcc/arm-none-eabi/13.3.1/../../../../arm-none-eabi/lib/thumb/v7e-m+fp/hard\libc_nano.a(libc_a-lseekr.o)
                              C:/ST/STM32CubeIDE_1.19.0/STM32CubeIDE/plugins/com.st.stm32cube.ide.mcu.externaltools.gnu-tools-for-stm32.13.3.rel1.win32_1.0.0.202411081344/tools/bin/../lib/gcc/arm-none-eabi/13.3.1/../../../../arm-none-eabi/lib/thumb/v7e-m+fp/hard\libc_nano.a(libc_a-stdio.o) (_lseek_r)
C:/ST/STM32CubeIDE_1.19.0/STM32CubeIDE/plugins/com.st.stm32cube.ide.mcu.externaltools.gnu-tools-for-stm32.13.3.rel1.win32_1.0.0.202411081344/tools/bin/../lib/gcc/arm-none-eabi/13.3.1/../../../../arm-none-eabi/lib/thumb/v7e-m+fp/hard\libc_nano.a(libc_a-readr.o)
[...]
Memory Configuration

Name             Origin             Length             Attributes
RAM              0x20000000         0x00010000         xrw
FLASH            0x08000000         0x00040000         xr
*default*        0x00000000         0xffffffff

Linker script and memory map

LOAD C:/ST/STM32CubeIDE_1.19.0/STM32CubeIDE/plugins/com.st.stm32cube.ide.mcu.externaltools.gnu-tools-for-stm32.13.3.rel1.win32_1.0.0.202411081344/tools/bin/../lib/gcc/arm-none-eabi/13.3.1/thumb/v7e-m+fp/hard/crti.o
LOAD C:/ST/STM32CubeIDE_1.19.0/STM32CubeIDE/plugins/com.st.stm32cube.ide.mcu.externaltools.gnu-tools-for-stm32.13.3.rel1.win32_1.0.0.202411081344/tools/bin/../lib/gcc/arm-none-eabi/13.3.1/thumb/v7e-m+fp/hard/crtbegin.o
LOAD C:/ST/STM32CubeIDE_1.19.0/STM32CubeIDE/plugins/com.st.stm32cube.ide.mcu.externaltools.gnu-tools-for-stm32.13.3.rel1.win32_1.0.0.202411081344/tools/bin/../lib/gcc/arm-none-eabi/13.3.1/../../../../arm-none-eabi/lib/thumb/v7e-m+fp/hard/crt0.o
LOAD ./Core/Src/command_dispatcher.o
LOAD ./Core/Src/dma.o
LOAD ./Core/Src/freertos.o
LOAD ./Core/Src/gpio.o
LOAD ./Core/Src/ir_service.o
LOAD ./Core/Src/main.o
LOAD ./Core/Src/ota_service.o
LOAD ./Core/Src/projector_service.o
LOAD ./Core/Src/relay_service.o
LOAD ./Core/Src/sps_protocol.o
LOAD ./Core/Src/stm32f4xx_hal_msp.o
LOAD ./Core/Src/stm32f4xx_hal_timebase_tim.o
LOAD ./Core/Src/stm32f4xx_it.o
LOAD ./Core/Src/syscalls.o
LOAD ./Core/Src/sysmem.o
LOAD ./Core/Src/system_stm32f4xx.o
LOAD ./Core/Src/tim.o
LOAD ./Core/Src/usart.o
LOAD ./Core/Startup/startup_stm32f401ccux.o
LOAD ./Drivers/STM32F4xx_HAL_Driver/Src/stm32f4xx_hal.o
LOAD ./Drivers/STM32F4xx_HAL_Driver/Src/stm32f4xx_hal_cortex.o
LOAD ./Drivers/STM32F4xx_HAL_Driver/Src/stm32f4xx_hal_dma.o
LOAD ./Drivers/STM32F4xx_HAL_Driver/Src/stm32f4xx_hal_dma_ex.o
LOAD ./Drivers/STM32F4xx_HAL_Driver/Src/stm32f4xx_hal_exti.o
LOAD ./Drivers/STM32F4xx_HAL_Driver/Src/stm32f4xx_hal_flash.o
LOAD ./Drivers/STM32F4xx_HAL_Driver/Src/stm32f4xx_hal_flash_ex.o
LOAD ./Drivers/STM32F4xx_HAL_Driver/Src/stm32f4xx_hal_flash_ramfunc.o
LOAD ./Drivers/STM32F4xx_HAL_Driver/Src/stm32f4xx_hal_gpio.o
LOAD ./Drivers/STM32F4xx_HAL_Driver/Src/stm32f4xx_hal_pwr.o
LOAD ./Drivers/STM32F4xx_HAL_Driver/Src/stm32f4xx_hal_pwr_ex.o
LOAD ./Drivers/STM32F4xx_HAL_Driver/Src/stm32f4xx_hal_rcc.o
LOAD ./Drivers/STM32F4xx_HAL_Driver/Src/stm32f4xx_hal_rcc_ex.o
LOAD ./Drivers/STM32F4xx_HAL_Driver/Src/stm32f4xx_hal_tim.o
LOAD ./Drivers/STM32F4xx_HAL_Driver/Src/stm32f4xx_hal_tim_ex.o
LOAD ./Drivers/STM32F4xx_HAL_Driver/Src/stm32f4xx_hal_uart.o
LOAD ./Middlewares/Third_Party/FreeRTOS/Source/CMSIS_RTOS_V2/cmsis_os2.o
LOAD ./Middlewares/Third_Party/FreeRTOS/Source/croutine.o
LOAD ./Middlewares/Third_Party/FreeRTOS/Source/event_groups.o
LOAD ./Middlewares/Third_Party/FreeRTOS/Source/list.o
LOAD ./Middlewares/Third_Party/FreeRTOS/Source/queue.o
LOAD ./Middlewares/Third_Party/FreeRTOS/Source/stream_buffer.o
LOAD ./Middlewares/Third_Party/FreeRTOS/Source/tasks.o
LOAD ./Middlewares/Third_Party/FreeRTOS/Source/timers.o
LOAD ./Middlewares/Third_Party/FreeRTOS/Source/portable/GCC/ARM_CM4F/port.o
LOAD ./Middlewares/Third_Party/FreeRTOS/Source/portable/MemMang/heap_4.o
START GROUP
LOAD C:/ST/STM32CubeIDE_1.19.0/STM32CubeIDE/plugins/com.st.stm32cube.ide.mcu.externaltools.gnu-tools-for-stm32.13.3.rel1.win32_1.0.0.202411081344/tools/bin/../lib/gcc/arm-none-eabi/13.3.1/../../../../arm-none-eabi/lib/thumb/v7e-m+fp/hard\libc_nano.a
LOAD C:/ST/STM32CubeIDE_1.19.0/STM32CubeIDE/plugins/com.st.stm32cube.ide.mcu.externaltools.gnu-tools-for-stm32.13.3.rel1.win32_1.0.0.202411081344/tools/bin/../lib/gcc/arm-none-eabi/13.3.1/../../../../arm-none-eabi/lib/thumb/v7e-m+fp/hard\libm.a
END GROUP
START GROUP
LOAD C:/ST/STM32CubeIDE_1.19.0/STM32CubeIDE/plugins/com.st.stm32cube.ide.mcu.externaltools.gnu-tools-for-stm32.13.3.rel1.win32_1.0.0.202411081344/tools/bin/../lib/gcc/arm-none-eabi/13.3.1/thumb/v7e-m+fp/hard\libgcc.a
LOAD C:/ST/STM32CubeIDE_1.19.0/STM32CubeIDE/plugins/com.st.stm32cube.ide.mcu.externaltools.gnu-tools-for-stm32.13.3.rel1.win32_1.0.0.202411081344/tools/bin/../lib/gcc/arm-none-eabi/13.3.1/../../../../arm-none-eabi/lib/thumb/v7e-m+fp/hard\libc_nano.a
END GROUP
START GROUP
LOAD C:/ST/STM32CubeIDE_1.19.0/STM32CubeIDE/plugins/com.st.stm32cube.ide.mcu.externaltools.gnu-tools-for-stm32.13.3.rel1.win32_1.0.0.202411081344/tools/bin/../lib/gcc/arm-none-eabi/13.3.1/thumb/v7e-m+fp/hard\libgcc.a
LOAD C:/ST/STM32CubeIDE_1.19.0/STM32CubeIDE/plugins/com.st.stm32cube.ide.mcu.externaltools.gnu-tools-for-stm32.13.3.rel1.win32_1.0.0.202411081344/tools/bin/../lib/gcc/arm-none-eabi/13.3.1/../../../../arm-none-eabi/lib/thumb/v7e-m+fp/hard\libc_nano.a
LOAD C:/ST/STM32CubeIDE_1.19.0/STM32CubeIDE/plugins/com.st.stm32cube.ide.mcu.externaltools.gnu-tools-for-stm32.13.3.rel1.win32_1.0.0.202411081344/tools/bin/../lib/gcc/arm-none-eabi/13.3.1/../../../../arm-none-eabi/lib/thumb/v7e-m+fp/hard\libnosys.a
END GROUP
START GROUP
LOAD C:/ST/STM32CubeIDE_1.19.0/STM32CubeIDE/plugins/com.st.stm32cube.ide.mcu.externaltools.gnu-tools-for-stm32.13.3.rel1.win32_1.0.0.202411081344/tools/bin/../lib/gcc/arm-none-eabi/13.3.1/thumb/v7e-m+fp/hard\libgcc.a
LOAD C:/ST/STM32CubeIDE_1.19.0/STM32CubeIDE/plugins/com.st.stm32cube.ide.mcu.externaltools.gnu-tools-for-stm32.13.3.rel1.win32_1.0.0.202411081344/tools/bin/../lib/gcc/arm-none-eabi/13.3.1/../../../../arm-none-eabi/lib/thumb/v7e-m+fp/hard\libc_nano.a
LOAD C:/ST/STM32CubeIDE_1.19.0/STM32CubeIDE/plugins/com.st.stm32cube.ide.mcu.externaltools.gnu-tools-for-stm32.13.3.rel1.win32_1.0.0.202411081344/tools/bin/../lib/gcc/arm-none-eabi/13.3.1/../../../../arm-none-eabi/lib/thumb/v7e-m+fp/hard\libnosys.a
END GROUP
LOAD C:/ST/STM32CubeIDE_1.19.0/STM32CubeIDE/plugins/com.st.stm32cube.ide.mcu.externaltools.gnu-tools-for-stm32.13.3.rel1.win32_1.0.0.202411081344/tools/bin/../lib/gcc/arm-none-eabi/13.3.1/thumb/v7e-m+fp/hard/crtend.o
LOAD C:/ST/STM32CubeIDE_1.19.0/STM32CubeIDE/plugins/com.st.stm32cube.ide.mcu.externaltools.gnu-tools-for-stm32.13.3.rel1.win32_1.0.0.202411081344/tools/bin/../lib/gcc/arm-none-eabi/13.3.1/thumb/v7e-m+fp/hard/crtn.o
                0x20010000                        _estack = (ORIGIN (RAM) + LENGTH (RAM))
                0x00000200                        _Min_Heap_Size = 0x200
                0x00000400                        _Min_Stack_Size = 0x400

.isr_vector     0x08000000      0x194
                0x08000000                        . = ALIGN (0x4)
 *(.isr_vector)
 .isr_vector    0x08000000      0x194 ./Core/Startup/startup_stm32f401ccux.o
                0x08000000                g_pfnVectors
                0x08000194                        . = ALIGN (0x4)

.text           0x080001a0     0x9830
                0x080001a0                        . = ALIGN (0x4)
 *(.text)
 .text          0x080001a0       0x40 C:/ST/STM32CubeIDE_1.19.0/STM32CubeIDE/plugins/com.st.stm32cube.ide.mcu.externaltools.gnu-tools-for-stm32.13.3.rel1.win32_1.0.0.202411081344/tools/bin/../lib/gcc/arm-none-eabi/13.3.1/thumb/v7e-m+fp/hard/crtbegin.o
 .text          0x080001e0       0x30 C:/ST/STM32CubeIDE_1.19.0/STM32CubeIDE/plugins/com.st.stm32cube.ide.mcu.externaltools.gnu-tools-for-stm32.13.3.rel1.win32_1.0.0.202411081344/tools/bin/../lib/gcc/arm-none-eabi/13.3.1/thumb/v7e-m+fp/hard\libgcc.a(_aeabi_uldivmod.o)
                0x080001e0                __aeabi_uldivmod
 .text          0x08000210      0x2f8 C:/ST/STM32CubeIDE_1.19.0/STM32CubeIDE/plugins/com.st.stm32cube.ide.mcu.externaltools.gnu-tools-for-stm32.13.3.rel1.win32_1.0.0.202411081344/tools/bin/../lib/gcc/arm-none-eabi/13.3.1/thumb/v7e-m+fp/hard\libgcc.a(_udivmoddi4.o)
                0x08000210                __udivmoddi4
 .text          0x08000508        0x4 C:/ST/STM32CubeIDE_1.19.0/STM32CubeIDE/plugins/com.st.stm32cube.ide.mcu.externaltools.gnu-tools-for-stm32.13.3.rel1.win32_1.0.0.202411081344/tools/bin/../lib/gcc/arm-none-eabi/13.3.1/thumb/v7e-m+fp/hard\libgcc.a(_dvmd_tls.o)
                0x08000508                __aeabi_idiv0
                0x08000508                __aeabi_ldiv0
 *(.text*)
 .text.RelayCmd_Pack
                0x0800050c       0x3c ./Core/Src/command_dispatcher.o
 .text.Command_DispatchFrame
                0x08000548      0x328 ./Core/Src/command_dispatcher.o
                0x08000548                Command_DispatchFrame
 .text.MX_DMA_Init
                0x08000870       0x40 ./Core/Src/dma.o
                0x08000870                MX_DMA_Init
 .text.MX_FREERTOS_Init
                0x080008b0      0x2c4 ./Core/Src/freertos.o
                0x080008b0                MX_FREERTOS_Init
 .text.StartUartRxTask
                0x08000b74       0x3c ./Core/Src/freertos.o
                0x08000b74                StartUartRxTask
 .text.StartCommandTask
                0x08000bb0      0x14c ./Core/Src/freertos.o
                0x08000bb0                StartCommandTask
 .text.StartRelayTask
                0x08000cfc       0x58 ./Core/Src/freertos.o
                0x08000cfc                StartRelayTask
 .text.StartProjectorTask
                0x08000d54       0x64 ./Core/Src/freertos.o
                0x08000d54                StartProjectorTask
 .text.StartIrTask
                0x08000db8       0x54 ./Core/Src/freertos.o
                0x08000db8                StartIrTask
 .text.StartOtaTask
                0x08000e0c       0x6c ./Core/Src/freertos.o
                0x08000e0c                StartOtaTask
 .text.HAL_UARTEx_RxEventCallback
                0x08000e78       0x84 ./Core/Src/freertos.o
                0x08000e78                HAL_UARTEx_RxEventCallback
 .text.App_SendFrame
                0x08000efc       0xa8 ./Core/Src/freertos.o
 .text.App_SendAck
                0x08000fa4       0x24 ./Core/Src/freertos.o
 .text.App_SendNack
                0x08000fc8       0x2e ./Core/Src/freertos.o
 .text.App_HandleRelayStatus
                0x08000ff6       0x94 ./Core/Src/freertos.o
 *fill*         0x0800108a        0x2 
 .text.MX_GPIO_Init
                0x0800108c       0xb8 ./Core/Src/gpio.o
                0x0800108c                MX_GPIO_Init
 .text.IR_Service_Init
                0x08001144       0x14 ./Core/Src/ir_service.o
                0x08001144                IR_Service_Init
 .text.IR_SendDemoBurst
                0x08001158       0x24 ./Core/Src/ir_service.o
 .text.IR_Service_ControlAC
                0x0800117c       0x38 ./Core/Src/ir_service.o
                0x0800117c                IR_Service_ControlAC
 .text.IR_Service_ExecuteCommand
                0x080011b4       0x2c ./Core/Src/ir_service.o
                0x080011b4                IR_Service_ExecuteCommand
 .text.main     0x080011e0       0x30 ./Core/Src/main.o
                0x080011e0                main
 .text.SystemClock_Config
                0x08001210       0xd4 ./Core/Src/main.o
                0x08001210                SystemClock_Config
 .text.HAL_TIM_PeriodElapsedCallback
                0x080012e4       0x24 ./Core/Src/main.o
                0x080012e4                HAL_TIM_PeriodElapsedCallback
 .text.Error_Handler
                0x08001308        0xc ./Core/Src/main.o
                0x08001308                Error_Handler
 .text.OTA_Service_Init
                0x08001314       0x38 ./Core/Src/ota_service.o
                0x08001314                OTA_Service_Init
 .text.OTA_Service_Start
                0x0800134c       0x48 ./Core/Src/ota_service.o
                0x0800134c                OTA_Service_Start
 .text.OTA_Service_WriteChunk
                0x08001394       0x90 ./Core/Src/ota_service.o
                0x08001394                OTA_Service_WriteChunk
 .text.OTA_Service_End
                0x08001424       0x44 ./Core/Src/ota_service.o
                0x08001424                OTA_Service_End
 .text.OTA_Service_ExecuteCommand
                0x08001468       0x60 ./Core/Src/ota_service.o
                0x08001468                OTA_Service_ExecuteCommand
 .text.Projector_Service_Init
                0x080014c8        0xe ./Core/Src/projector_service.o
                0x080014c8                Projector_Service_Init
 *fill*         0x080014d6        0x2 
 .text.Projector_Service_Control
                0x080014d8       0x60 ./Core/Src/projector_service.o
                0x080014d8                Projector_Service_Control
 .text.Projector_Service_ExecuteCommand
                0x08001538       0x26 ./Core/Src/projector_service.o
                0x08001538                Projector_Service_ExecuteCommand
 .text.Relay_Write
                0x0800155e       0x30 ./Core/Src/relay_service.o
 *fill*         0x0800158e        0x2 
 .text.Motor_StopCurtain
                0x08001590       0x30 ./Core/Src/relay_service.o
 .text.Motor_StopScreen
                0x080015c0       0x30 ./Core/Src/relay_service.o
 .text.Relay_Service_Init
                0x080015f0       0x4c ./Core/Src/relay_service.o
                0x080015f0                Relay_Service_Init
 .text.Relay_ControlLight
                0x0800163c       0x58 ./Core/Src/relay_service.o
 .text.Relay_ControlMotor
                0x08001694       0xf0 ./Core/Src/relay_service.o
 .text.Relay_Service_ExecuteCommand
                0x08001784       0x4e ./Core/Src/relay_service.o
                0x08001784                Relay_Service_ExecuteCommand
 *fill*         0x080017d2        0x2 
 .text.Relay_Service_Periodic
                0x080017d4       0x54 ./Core/Src/relay_service.o
                0x080017d4                Relay_Service_Periodic
 .text.Relay_Service_GetLightState
                0x08001828       0x18 ./Core/Src/relay_service.o
                0x08001828                Relay_Service_GetLightState
 .text.Relay_Service_GetCurtainState
                0x08001840       0x18 ./Core/Src/relay_service.o
                0x08001840                Relay_Service_GetCurtainState
 .text.Relay_Service_GetScreenState
                0x08001858       0x18 ./Core/Src/relay_service.o
                0x08001858                Relay_Service_GetScreenState
 .text.SPS_Protocol_Init
                0x08001870       0x38 ./Core/Src/sps_protocol.o
                0x08001870                SPS_Protocol_Init
 .text.SPS_Protocol_Crc16Ccitt
                0x080018a8       0x8e ./Core/Src/sps_protocol.o
                0x080018a8                SPS_Protocol_Crc16Ccitt
 .text.SPS_Protocol_CalcFrameCrc
                0x08001936       0xac ./Core/Src/sps_protocol.o
 *fill*         0x080019e2        0x2 
 .text.SPS_Protocol_ParseByte
                0x080019e4      0x194 ./Core/Src/sps_protocol.o
                0x080019e4                SPS_Protocol_ParseByte
 .text.SPS_Protocol_BuildFrame
                0x08001b78      0x220 ./Core/Src/sps_protocol.o
                0x08001b78                SPS_Protocol_BuildFrame
 .text.HAL_MspInit
                0x08001d98       0x58 ./Core/Src/stm32f4xx_hal_msp.o
                0x08001d98                HAL_MspInit
 .text.HAL_InitTick
                0x08001df0       0xf8 ./Core/Src/stm32f4xx_hal_timebase_tim.o
                0x08001df0                HAL_InitTick
 .text.NMI_Handler
                0x08001ee8        0x8 ./Core/Src/stm32f4xx_it.o
                0x08001ee8                NMI_Handler
 .text.HardFault_Handler
                0x08001ef0        0x8 ./Core/Src/stm32f4xx_it.o
                0x08001ef0                HardFault_Handler
 .text.MemManage_Handler
                0x08001ef8        0x8 ./Core/Src/stm32f4xx_it.o
                0x08001ef8                MemManage_Handler
 .text.BusFault_Handler
                0x08001f00        0x8 ./Core/Src/stm32f4xx_it.o
                0x08001f00                BusFault_Handler
 .text.UsageFault_Handler
                0x08001f08        0x8 ./Core/Src/stm32f4xx_it.o
                0x08001f08                UsageFault_Handler
 .text.DebugMon_Handler
                0x08001f10        0xe ./Core/Src/stm32f4xx_it.o
                0x08001f10                DebugMon_Handler
 *fill*         0x08001f1e        0x2 
 .text.USART1_IRQHandler
                0x08001f20       0x14 ./Core/Src/stm32f4xx_it.o
                0x08001f20                USART1_IRQHandler
 .text.TIM5_IRQHandler
                0x08001f34       0x14 ./Core/Src/stm32f4xx_it.o
                0x08001f34                TIM5_IRQHandler
 .text.DMA2_Stream2_IRQHandler
                0x08001f48       0x14 ./Core/Src/stm32f4xx_it.o
                0x08001f48                DMA2_Stream2_IRQHandler
 .text.SystemInit
                0x08001f5c       0x24 ./Core/Src/system_stm32f4xx.o
                0x08001f5c                SystemInit
 .text.MX_TIM1_Init
                0x08001f80      0x140 ./Core/Src/tim.o
                0x08001f80                MX_TIM1_Init
 .text.HAL_TIM_Base_MspInit
                0x080020c0       0x44 ./Core/Src/tim.o
                0x080020c0                HAL_TIM_Base_MspInit
 .text.HAL_TIM_MspPostInit
                0x08002104       0x74 ./Core/Src/tim.o
                0x08002104                HAL_TIM_MspPostInit
 .text.MX_USART1_UART_Init
                0x08002178       0x54 ./Core/Src/usart.o
                0x08002178                MX_USART1_UART_Init
 .text.MX_USART2_UART_Init
                0x080021cc       0x54 ./Core/Src/usart.o
                0x080021cc                MX_USART2_UART_Init
 .text.HAL_UART_MspInit
                0x08002220      0x170 ./Core/Src/usart.o
                0x08002220                HAL_UART_MspInit
 .text.Reset_Handler
                0x08002390       0x50 ./Core/Startup/startup_stm32f401ccux.o
                0x08002390                Reset_Handler
 .text.Default_Handler
                0x080023e0        0x2 ./Core/Startup/startup_stm32f401ccux.o
                0x080023e0                RTC_Alarm_IRQHandler
                0x080023e0                EXTI2_IRQHandler
                0x080023e0                SPI4_IRQHandler
                0x080023e0                TIM1_CC_IRQHandler
                0x080023e0                DMA2_Stream5_IRQHandler
                0x080023e0                DMA1_Stream5_IRQHandler
                0x080023e0                PVD_IRQHandler
                0x080023e0                SDIO_IRQHandler
                0x080023e0                TAMP_STAMP_IRQHandler
                0x080023e0                EXTI3_IRQHandler
                0x080023e0                TIM1_UP_TIM10_IRQHandler
                0x080023e0                I2C3_ER_IRQHandler
                0x080023e0                EXTI0_IRQHandler
                0x080023e0                I2C2_EV_IRQHandler
                0x080023e0                DMA1_Stream2_IRQHandler
                0x080023e0                FPU_IRQHandler
                0x080023e0                SPI1_IRQHandler
                0x080023e0                TIM1_BRK_TIM9_IRQHandler
                0x080023e0                DMA2_Stream3_IRQHandler
                0x080023e0                USART6_IRQHandler
                0x080023e0                DMA2_Stream0_IRQHandler
                0x080023e0                TIM4_IRQHandler
                0x080023e0                I2C1_EV_IRQHandler
                0x080023e0                DMA1_Stream6_IRQHandler
                0x080023e0                DMA1_Stream1_IRQHandler
                0x080023e0                TIM3_IRQHandler
                0x080023e0                RCC_IRQHandler
                0x080023e0                Default_Handler
                0x080023e0                EXTI15_10_IRQHandler
                0x080023e0                ADC_IRQHandler
                0x080023e0                DMA1_Stream7_IRQHandler
                0x080023e0                DMA2_Stream7_IRQHandler
                0x080023e0                I2C3_EV_IRQHandler
                0x080023e0                EXTI9_5_IRQHandler
                0x080023e0                RTC_WKUP_IRQHandler
                0x080023e0                SPI2_IRQHandler
                0x080023e0                DMA1_Stream0_IRQHandler
                0x080023e0                EXTI4_IRQHandler
                0x080023e0                WWDG_IRQHandler
                0x080023e0                TIM2_IRQHandler
                0x080023e0                OTG_FS_WKUP_IRQHandler
                0x080023e0                TIM1_TRG_COM_TIM11_IRQHandler
                0x080023e0                EXTI1_IRQHandler
                0x080023e0                USART2_IRQHandler
                0x080023e0                I2C2_ER_IRQHandler
                0x080023e0                DMA2_Stream1_IRQHandler
                0x080023e0                FLASH_IRQHandler
                0x080023e0                DMA2_Stream4_IRQHandler
                0x080023e0                OTG_FS_IRQHandler
                0x080023e0                SPI3_IRQHandler
                0x080023e0                DMA1_Stream4_IRQHandler
                0x080023e0                I2C1_ER_IRQHandler
                0x080023e0                DMA2_Stream6_IRQHandler
                0x080023e0                DMA1_Stream3_IRQHandler
 *fill*         0x080023e2        0x2 
 .text.HAL_Init
                0x080023e4       0x44 ./Drivers/STM32F4xx_HAL_Driver/Src/stm32f4xx_hal.o
                0x080023e4                HAL_Init
 .text.HAL_IncTick
                0x08002428       0x28 ./Drivers/STM32F4xx_HAL_Driver/Src/stm32f4xx_hal.o
                0x08002428                HAL_IncTick
 .text.HAL_GetTick
                0x08002450       0x18 ./Drivers/STM32F4xx_HAL_Driver/Src/stm32f4xx_hal.o
                0x08002450                HAL_GetTick
 .text.__NVIC_SetPriorityGrouping
                0x08002468       0x48 ./Drivers/STM32F4xx_HAL_Driver/Src/stm32f4xx_hal_cortex.o
 .text.__NVIC_GetPriorityGrouping
                0x080024b0       0x1c ./Drivers/STM32F4xx_HAL_Driver/Src/stm32f4xx_hal_cortex.o
 .text.__NVIC_EnableIRQ
                0x080024cc       0x3c ./Drivers/STM32F4xx_HAL_Driver/Src/stm32f4xx_hal_cortex.o
 .text.__NVIC_SetPriority
                0x08002508       0x54 ./Drivers/STM32F4xx_HAL_Driver/Src/stm32f4xx_hal_cortex.o
 .text.NVIC_EncodePriority
                0x0800255c       0x66 ./Drivers/STM32F4xx_HAL_Driver/Src/stm32f4xx_hal_cortex.o
 .text.HAL_NVIC_SetPriorityGrouping
                0x080025c2       0x16 ./Drivers/STM32F4xx_HAL_Driver/Src/stm32f4xx_hal_cortex.o
                0x080025c2                HAL_NVIC_SetPriorityGrouping
 .text.HAL_NVIC_SetPriority
                0x080025d8       0x38 ./Drivers/STM32F4xx_HAL_Driver/Src/stm32f4xx_hal_cortex.o
                0x080025d8                HAL_NVIC_SetPriority
 .text.HAL_NVIC_EnableIRQ
                0x08002610       0x1c ./Drivers/STM32F4xx_HAL_Driver/Src/stm32f4xx_hal_cortex.o
                0x08002610                HAL_NVIC_EnableIRQ
 .text.HAL_DMA_Init
                0x0800262c      0x15c ./Drivers/STM32F4xx_HAL_Driver/Src/stm32f4xx_hal_dma.o
                0x0800262c                HAL_DMA_Init
 .text.HAL_DMA_Start_IT
                0x08002788       0xb0 ./Drivers/STM32F4xx_HAL_Driver/Src/stm32f4xx_hal_dma.o
                0x08002788                HAL_DMA_Start_IT
 .text.HAL_DMA_Abort
                0x08002838       0xe0 ./Drivers/STM32F4xx_HAL_Driver/Src/stm32f4xx_hal_dma.o
                0x08002838                HAL_DMA_Abort
 .text.HAL_DMA_Abort_IT
                0x08002918       0x44 ./Drivers/STM32F4xx_HAL_Driver/Src/stm32f4xx_hal_dma.o
                0x08002918                HAL_DMA_Abort_IT
 .text.HAL_DMA_IRQHandler
                0x0800295c      0x314 ./Drivers/STM32F4xx_HAL_Driver/Src/stm32f4xx_hal_dma.o
                0x0800295c                HAL_DMA_IRQHandler
 .text.DMA_SetConfig
                0x08002c70       0x5c ./Drivers/STM32F4xx_HAL_Driver/Src/stm32f4xx_hal_dma.o
 .text.DMA_CalcBaseAndBitshift
                0x08002ccc       0x6c ./Drivers/STM32F4xx_HAL_Driver/Src/stm32f4xx_hal_dma.o
 .text.DMA_CheckFifoParam
                0x08002d38       0xf8 ./Drivers/STM32F4xx_HAL_Driver/Src/stm32f4xx_hal_dma.o
 .text.HAL_GPIO_Init
                0x08002e30      0x308 ./Drivers/STM32F4xx_HAL_Driver/Src/stm32f4xx_hal_gpio.o
                0x08002e30                HAL_GPIO_Init
 .text.HAL_GPIO_WritePin
                0x08003138       0x32 ./Drivers/STM32F4xx_HAL_Driver/Src/stm32f4xx_hal_gpio.o
                0x08003138                HAL_GPIO_WritePin
 *fill*         0x0800316a        0x2 
 .text.HAL_RCC_OscConfig
                0x0800316c      0x4f0 ./Drivers/STM32F4xx_HAL_Driver/Src/stm32f4xx_hal_rcc.o
                0x0800316c                HAL_RCC_OscConfig
 .text.HAL_RCC_ClockConfig
                0x0800365c      0x1cc ./Drivers/STM32F4xx_HAL_Driver/Src/stm32f4xx_hal_rcc.o
                0x0800365c                HAL_RCC_ClockConfig
 .text.HAL_RCC_GetSysClockFreq
                0x08003828      0x18c ./Drivers/STM32F4xx_HAL_Driver/Src/stm32f4xx_hal_rcc.o
                0x08003828                HAL_RCC_GetSysClockFreq
 .text.HAL_RCC_GetHCLKFreq
                0x080039b4       0x18 ./Drivers/STM32F4xx_HAL_Driver/Src/stm32f4xx_hal_rcc.o
                0x080039b4                HAL_RCC_GetHCLKFreq
 .text.HAL_RCC_GetPCLK1Freq
                0x080039cc       0x28 ./Drivers/STM32F4xx_HAL_Driver/Src/stm32f4xx_hal_rcc.o
                0x080039cc                HAL_RCC_GetPCLK1Freq
 .text.HAL_RCC_GetPCLK2Freq
                0x080039f4       0x28 ./Drivers/STM32F4xx_HAL_Driver/Src/stm32f4xx_hal_rcc.o
                0x080039f4                HAL_RCC_GetPCLK2Freq
 .text.HAL_RCC_GetClockConfig
                0x08003a1c       0x64 ./Drivers/STM32F4xx_HAL_Driver/Src/stm32f4xx_hal_rcc.o
                0x08003a1c                HAL_RCC_GetClockConfig
 .text.HAL_TIM_Base_Init
                0x08003a80       0x9e ./Drivers/STM32F4xx_HAL_Driver/Src/stm32f4xx_hal_tim.o
                0x08003a80                HAL_TIM_Base_Init
 *fill*         0x08003b1e        0x2 
 .text.HAL_TIM_Base_Start_IT
                0x08003b20       0xc4 ./Drivers/STM32F4xx_HAL_Driver/Src/stm32f4xx_hal_tim.o
                0x08003b20                HAL_TIM_Base_Start_IT
 .text.HAL_TIM_PWM_Init
                0x08003be4       0x9e ./Drivers/STM32F4xx_HAL_Driver/Src/stm32f4xx_hal_tim.o
                0x08003be4                HAL_TIM_PWM_Init
 .text.HAL_TIM_PWM_MspInit
                0x08003c82       0x14 ./Drivers/STM32F4xx_HAL_Driver/Src/stm32f4xx_hal_tim.o
                0x08003c82                HAL_TIM_PWM_MspInit
 *fill*         0x08003c96        0x2 
 .text.HAL_TIM_PWM_Start
                0x08003c98      0x160 ./Drivers/STM32F4xx_HAL_Driver/Src/stm32f4xx_hal_tim.o
                0x08003c98                HAL_TIM_PWM_Start
 .text.HAL_TIM_PWM_Stop
                0x08003df8       0xc8 ./Drivers/STM32F4xx_HAL_Driver/Src/stm32f4xx_hal_tim.o
                0x08003df8                HAL_TIM_PWM_Stop
 .text.HAL_TIM_IRQHandler
                0x08003ec0      0x1e0 ./Drivers/STM32F4xx_HAL_Driver/Src/stm32f4xx_hal_tim.o
                0x08003ec0                HAL_TIM_IRQHandler
 .text.HAL_TIM_PWM_ConfigChannel
                0x080040a0      0x184 ./Drivers/STM32F4xx_HAL_Driver/Src/stm32f4xx_hal_tim.o
                0x080040a0                HAL_TIM_PWM_ConfigChannel
 .text.HAL_TIM_ConfigClockSource
                0x08004224      0x18e ./Drivers/STM32F4xx_HAL_Driver/Src/stm32f4xx_hal_tim.o
                0x08004224                HAL_TIM_ConfigClockSource
 .text.HAL_TIM_OC_DelayElapsedCallback
                0x080043b2       0x14 ./Drivers/STM32F4xx_HAL_Driver/Src/stm32f4xx_hal_tim.o
                0x080043b2                HAL_TIM_OC_DelayElapsedCallback
 .text.HAL_TIM_IC_CaptureCallback
                0x080043c6       0x14 ./Drivers/STM32F4xx_HAL_Driver/Src/stm32f4xx_hal_tim.o
                0x080043c6                HAL_TIM_IC_CaptureCallback
 .text.HAL_TIM_PWM_PulseFinishedCallback
                0x080043da       0x14 ./Drivers/STM32F4xx_HAL_Driver/Src/stm32f4xx_hal_tim.o
                0x080043da                HAL_TIM_PWM_PulseFinishedCallback
 .text.HAL_TIM_TriggerCallback
                0x080043ee       0x14 ./Drivers/STM32F4xx_HAL_Driver/Src/stm32f4xx_hal_tim.o
                0x080043ee                HAL_TIM_TriggerCallback
 *fill*         0x08004402        0x2 
 .text.TIM_Base_SetConfig
                0x08004404      0x10c ./Drivers/STM32F4xx_HAL_Driver/Src/stm32f4xx_hal_tim.o
                0x08004404                TIM_Base_SetConfig
 .text.TIM_OC1_SetConfig
                0x08004510       0xcc ./Drivers/STM32F4xx_HAL_Driver/Src/stm32f4xx_hal_tim.o
 .text.TIM_OC2_SetConfig
                0x080045dc       0xd8 ./Drivers/STM32F4xx_HAL_Driver/Src/stm32f4xx_hal_tim.o
                0x080045dc                TIM_OC2_SetConfig
 .text.TIM_OC3_SetConfig
                0x080046b4       0xd4 ./Drivers/STM32F4xx_HAL_Driver/Src/stm32f4xx_hal_tim.o
 .text.TIM_OC4_SetConfig
                0x08004788       0xa0 ./Drivers/STM32F4xx_HAL_Driver/Src/stm32f4xx_hal_tim.o
 .text.TIM_TI1_ConfigInputStage
                0x08004828       0x5e ./Drivers/STM32F4xx_HAL_Driver/Src/stm32f4xx_hal_tim.o
 .text.TIM_TI2_ConfigInputStage
                0x08004886       0x60 ./Drivers/STM32F4xx_HAL_Driver/Src/stm32f4xx_hal_tim.o
 .text.TIM_ITRx_SetConfig
                0x080048e6       0x36 ./Drivers/STM32F4xx_HAL_Driver/Src/stm32f4xx_hal_tim.o
 .text.TIM_ETR_SetConfig
                0x0800491c       0x40 ./Drivers/STM32F4xx_HAL_Driver/Src/stm32f4xx_hal_tim.o
                0x0800491c                TIM_ETR_SetConfig
 .text.TIM_CCxChannelCmd
                0x0800495c       0x4a ./Drivers/STM32F4xx_HAL_Driver/Src/stm32f4xx_hal_tim.o
                0x0800495c                TIM_CCxChannelCmd
 *fill*         0x080049a6        0x2 
 .text.HAL_TIMEx_MasterConfigSynchronization
                0x080049a8       0xdc ./Drivers/STM32F4xx_HAL_Driver/Src/stm32f4xx_hal_tim_ex.o
                0x080049a8                HAL_TIMEx_MasterConfigSynchronization
 .text.HAL_TIMEx_ConfigBreakDeadTime
                0x08004a84       0xa4 ./Drivers/STM32F4xx_HAL_Driver/Src/stm32f4xx_hal_tim_ex.o
                0x08004a84                HAL_TIMEx_ConfigBreakDeadTime
 .text.HAL_TIMEx_CommutCallback
                0x08004b28       0x14 ./Drivers/STM32F4xx_HAL_Driver/Src/stm32f4xx_hal_tim_ex.o
                0x08004b28                HAL_TIMEx_CommutCallback
 .text.HAL_TIMEx_BreakCallback
                0x08004b3c       0x14 ./Drivers/STM32F4xx_HAL_Driver/Src/stm32f4xx_hal_tim_ex.o
                0x08004b3c                HAL_TIMEx_BreakCallback
 .text.HAL_UART_Init
                0x08004b50       0xa0 ./Drivers/STM32F4xx_HAL_Driver/Src/stm32f4xx_hal_uart.o
                0x08004b50                HAL_UART_Init
 .text.HAL_UART_Transmit
                0x08004bf0      0x116 ./Drivers/STM32F4xx_HAL_Driver/Src/stm32f4xx_hal_uart.o
                0x08004bf0                HAL_UART_Transmit
 .text.HAL_UARTEx_ReceiveToIdle_DMA
                0x08004d06       0xb2 ./Drivers/STM32F4xx_HAL_Driver/Src/stm32f4xx_hal_uart.o
                0x08004d06                HAL_UARTEx_ReceiveToIdle_DMA
 .text.HAL_UART_IRQHandler
                0x08004db8      0x554 ./Drivers/STM32F4xx_HAL_Driver/Src/stm32f4xx_hal_uart.o
                0x08004db8                HAL_UART_IRQHandler
 .text.HAL_UART_TxCpltCallback
                0x0800530c       0x14 ./Drivers/STM32F4xx_HAL_Driver/Src/stm32f4xx_hal_uart.o
                0x0800530c                HAL_UART_TxCpltCallback
 .text.HAL_UART_RxCpltCallback
                0x08005320       0x14 ./Drivers/STM32F4xx_HAL_Driver/Src/stm32f4xx_hal_uart.o
                0x08005320                HAL_UART_RxCpltCallback
 .text.HAL_UART_RxHalfCpltCallback
                0x08005334       0x14 ./Drivers/STM32F4xx_HAL_Driver/Src/stm32f4xx_hal_uart.o
                0x08005334                HAL_UART_RxHalfCpltCallback
 .text.HAL_UART_ErrorCallback
                0x08005348       0x14 ./Drivers/STM32F4xx_HAL_Driver/Src/stm32f4xx_hal_uart.o
                0x08005348                HAL_UART_ErrorCallback
 .text.UART_DMAReceiveCplt
                0x0800535c      0x12c ./Drivers/STM32F4xx_HAL_Driver/Src/stm32f4xx_hal_uart.o
 .text.UART_DMARxHalfCplt
                0x08005488       0x3c ./Drivers/STM32F4xx_HAL_Driver/Src/stm32f4xx_hal_uart.o
 .text.UART_DMAError
                0x080054c4       0x94 ./Drivers/STM32F4xx_HAL_Driver/Src/stm32f4xx_hal_uart.o
 .text.UART_WaitOnFlagUntilTimeout
                0x08005558       0xb2 ./Drivers/STM32F4xx_HAL_Driver/Src/stm32f4xx_hal_uart.o
 *fill*         0x0800560a        0x2 
 .text.UART_Start_Receive_DMA
                0x0800560c      0x14c ./Drivers/STM32F4xx_HAL_Driver/Src/stm32f4xx_hal_uart.o
                0x0800560c                UART_Start_Receive_DMA
 .text.UART_EndTxTransfer
                0x08005758       0x50 ./Drivers/STM32F4xx_HAL_Driver/Src/stm32f4xx_hal_uart.o
 .text.UART_EndRxTransfer
                0x080057a8       0xc6 ./Drivers/STM32F4xx_HAL_Driver/Src/stm32f4xx_hal_uart.o
 .text.UART_DMAAbortOnError
                0x0800586e       0x22 ./Drivers/STM32F4xx_HAL_Driver/Src/stm32f4xx_hal_uart.o
 .text.UART_Transmit_IT
                0x08005890       0xa0 ./Drivers/STM32F4xx_HAL_Driver/Src/stm32f4xx_hal_uart.o
 .text.UART_EndTransmit_IT
                0x08005930       0x30 ./Drivers/STM32F4xx_HAL_Driver/Src/stm32f4xx_hal_uart.o
 .text.UART_Receive_IT
                0x08005960      0x17c ./Drivers/STM32F4xx_HAL_Driver/Src/stm32f4xx_hal_uart.o
 .text.UART_SetConfig
                0x08005adc      0x4e8 ./Drivers/STM32F4xx_HAL_Driver/Src/stm32f4xx_hal_uart.o
 .text.__NVIC_SetPriority
                0x08005fc4       0x54 ./Middlewares/Third_Party/FreeRTOS/Source/CMSIS_RTOS_V2/cmsis_os2.o
 .text.SysTick_Handler
                0x08006018       0x20 ./Middlewares/Third_Party/FreeRTOS/Source/CMSIS_RTOS_V2/cmsis_os2.o
                0x08006018                SysTick_Handler
 .text.SVC_Setup
                0x08006038       0x12 ./Middlewares/Third_Party/FreeRTOS/Source/CMSIS_RTOS_V2/cmsis_os2.o
 *fill*         0x0800604a        0x2 
 .text.osKernelInitialize
                0x0800604c       0x48 ./Middlewares/Third_Party/FreeRTOS/Source/CMSIS_RTOS_V2/cmsis_os2.o
                0x0800604c                osKernelInitialize
 .text.osKernelStart
                0x08006094       0x4c ./Middlewares/Third_Party/FreeRTOS/Source/CMSIS_RTOS_V2/cmsis_os2.o
                0x08006094                osKernelStart
 .text.osKernelGetTickCount
                0x080060e0       0x2a ./Middlewares/Third_Party/FreeRTOS/Source/CMSIS_RTOS_V2/cmsis_os2.o
                0x080060e0                osKernelGetTickCount
 .text.osThreadNew
                0x0800610a      0x124 ./Middlewares/Third_Party/FreeRTOS/Source/CMSIS_RTOS_V2/cmsis_os2.o
                0x0800610a                osThreadNew
 .text.osDelay  0x0800622e       0x36 ./Middlewares/Third_Party/FreeRTOS/Source/CMSIS_RTOS_V2/cmsis_os2.o
                0x0800622e                osDelay
 .text.osMutexNew
                0x08006264      0x10c ./Middlewares/Third_Party/FreeRTOS/Source/CMSIS_RTOS_V2/cmsis_os2.o
                0x08006264                osMutexNew
 .text.osMutexAcquire
                0x08006370       0x96 ./Middlewares/Third_Party/FreeRTOS/Source/CMSIS_RTOS_V2/cmsis_os2.o
                0x08006370                osMutexAcquire
 .text.osMutexRelease
                0x08006406       0x7a ./Middlewares/Third_Party/FreeRTOS/Source/CMSIS_RTOS_V2/cmsis_os2.o
                0x08006406                osMutexRelease
 .text.osMessageQueueNew
                0x08006480       0xe6 ./Middlewares/Third_Party/FreeRTOS/Source/CMSIS_RTOS_V2/cmsis_os2.o
                0x08006480                osMessageQueueNew
 *fill*         0x08006566        0x2 
 .text.osMessageQueuePut
                0x08006568       0xc0 ./Middlewares/Third_Party/FreeRTOS/Source/CMSIS_RTOS_V2/cmsis_os2.o
                0x08006568                osMessageQueuePut
 .text.osMessageQueueGet
                0x08006628       0xbc ./Middlewares/Third_Party/FreeRTOS/Source/CMSIS_RTOS_V2/cmsis_os2.o
                0x08006628                osMessageQueueGet
 .text.vApplicationGetIdleTaskMemory
                0x080066e4       0x34 ./Middlewares/Third_Party/FreeRTOS/Source/CMSIS_RTOS_V2/cmsis_os2.o
                0x080066e4                vApplicationGetIdleTaskMemory
 .text.vApplicationGetTimerTaskMemory
                0x08006718       0x34 ./Middlewares/Third_Party/FreeRTOS/Source/CMSIS_RTOS_V2/cmsis_os2.o
                0x08006718                vApplicationGetTimerTaskMemory
 .text.vListInitialise
                0x0800674c       0x40 ./Middlewares/Third_Party/FreeRTOS/Source/list.o
                0x0800674c                vListInitialise
 .text.vListInitialiseItem
                0x0800678c       0x1a ./Middlewares/Third_Party/FreeRTOS/Source/list.o
                0x0800678c                vListInitialiseItem
 .text.vListInsertEnd
                0x080067a6       0x48 ./Middlewares/Third_Party/FreeRTOS/Source/list.o
                0x080067a6                vListInsertEnd
 .text.vListInsert
                0x080067ee       0x72 ./Middlewares/Third_Party/FreeRTOS/Source/list.o
                0x080067ee                vListInsert
 .text.uxListRemove
                0x08006860       0x54 ./Middlewares/Third_Party/FreeRTOS/Source/list.o
                0x08006860                uxListRemove
 .text.xQueueGenericReset
                0x080068b4       0xd4 ./Middlewares/Third_Party/FreeRTOS/Source/queue.o
                0x080068b4                xQueueGenericReset
 .text.xQueueGenericCreateStatic
                0x08006988       0xfa ./Middlewares/Third_Party/FreeRTOS/Source/queue.o
                0x08006988                xQueueGenericCreateStatic
 .text.xQueueGenericCreate
                0x08006a82       0x76 ./Middlewares/Third_Party/FreeRTOS/Source/queue.o
                0x08006a82                xQueueGenericCreate
 .text.prvInitialiseNewQueue
                0x08006af8       0x46 ./Middlewares/Third_Party/FreeRTOS/Source/queue.o
 .text.prvInitialiseMutex
                0x08006b3e       0x34 ./Middlewares/Third_Party/FreeRTOS/Source/queue.o
 .text.xQueueCreateMutex
                0x08006b72       0x30 ./Middlewares/Third_Party/FreeRTOS/Source/queue.o
                0x08006b72                xQueueCreateMutex
 .text.xQueueCreateMutexStatic
                0x08006ba2       0x36 ./Middlewares/Third_Party/FreeRTOS/Source/queue.o
                0x08006ba2                xQueueCreateMutexStatic
 .text.xQueueGiveMutexRecursive
                0x08006bd8       0x6a ./Middlewares/Third_Party/FreeRTOS/Source/queue.o
                0x08006bd8                xQueueGiveMutexRecursive
 .text.xQueueTakeMutexRecursive
                0x08006c42       0x6e ./Middlewares/Third_Party/FreeRTOS/Source/queue.o
                0x08006c42                xQueueTakeMutexRecursive
 .text.xQueueGenericSend
                0x08006cb0      0x204 ./Middlewares/Third_Party/FreeRTOS/Source/queue.o
                0x08006cb0                xQueueGenericSend
 .text.xQueueGenericSendFromISR
                0x08006eb4      0x13c ./Middlewares/Third_Party/FreeRTOS/Source/queue.o
                0x08006eb4                xQueueGenericSendFromISR
 .text.xQueueReceive
                0x08006ff0      0x1c4 ./Middlewares/Third_Party/FreeRTOS/Source/queue.o
                0x08006ff0                xQueueReceive
 .text.xQueueSemaphoreTake
                0x080071b4      0x220 ./Middlewares/Third_Party/FreeRTOS/Source/queue.o
                0x080071b4                xQueueSemaphoreTake
 .text.xQueueReceiveFromISR
                0x080073d4      0x104 ./Middlewares/Third_Party/FreeRTOS/Source/queue.o
                0x080073d4                xQueueReceiveFromISR
 .text.prvGetDisinheritPriorityAfterTimeout
                0x080074d8       0x30 ./Middlewares/Third_Party/FreeRTOS/Source/queue.o
 .text.prvCopyDataToQueue
                0x08007508       0xd4 ./Middlewares/Third_Party/FreeRTOS/Source/queue.o
 .text.prvCopyDataFromQueue
                0x080075dc       0x4c ./Middlewares/Third_Party/FreeRTOS/Source/queue.o
 .text.prvUnlockQueue
                0x08007628       0xa4 ./Middlewares/Third_Party/FreeRTOS/Source/queue.o
 .text.prvIsQueueEmpty
                0x080076cc       0x2c ./Middlewares/Third_Party/FreeRTOS/Source/queue.o
 .text.prvIsQueueFull
                0x080076f8       0x30 ./Middlewares/Third_Party/FreeRTOS/Source/queue.o
 .text.vQueueAddToRegistry
                0x08007728       0x54 ./Middlewares/Third_Party/FreeRTOS/Source/queue.o
                0x08007728                vQueueAddToRegistry
 .text.vQueueWaitForMessageRestricted
                0x0800777c       0x68 ./Middlewares/Third_Party/FreeRTOS/Source/queue.o
                0x0800777c                vQueueWaitForMessageRestricted
 .text.xTaskCreateStatic
                0x080077e4       0xc0 ./Middlewares/Third_Party/FreeRTOS/Source/tasks.o
                0x080077e4                xTaskCreateStatic
 .text.xTaskCreate
                0x080078a4       0x8a ./Middlewares/Third_Party/FreeRTOS/Source/tasks.o
                0x080078a4                xTaskCreate
 *fill*         0x0800792e        0x2 
 .text.prvInitialiseNewTask
                0x08007930      0x150 ./Middlewares/Third_Party/FreeRTOS/Source/tasks.o
 .text.prvAddNewTaskToReadyList
                0x08007a80       0xe0 ./Middlewares/Third_Party/FreeRTOS/Source/tasks.o
 .text.vTaskDelay
                0x08007b60       0x6c ./Middlewares/Third_Party/FreeRTOS/Source/tasks.o
                0x08007b60                vTaskDelay
 .text.vTaskStartScheduler
                0x08007bcc       0xe0 ./Middlewares/Third_Party/FreeRTOS/Source/tasks.o
                0x08007bcc                vTaskStartScheduler
 .text.vTaskSuspendAll
                0x08007cac       0x1c ./Middlewares/Third_Party/FreeRTOS/Source/tasks.o
                0x08007cac                vTaskSuspendAll
 .text.xTaskResumeAll
                0x08007cc8      0x13c ./Middlewares/Third_Party/FreeRTOS/Source/tasks.o
                0x08007cc8                xTaskResumeAll
 .text.xTaskGetTickCount
                0x08007e04       0x20 ./Middlewares/Third_Party/FreeRTOS/Source/tasks.o
                0x08007e04                xTaskGetTickCount
 .text.xTaskGetTickCountFromISR
                0x08007e24       0x24 ./Middlewares/Third_Party/FreeRTOS/Source/tasks.o
                0x08007e24                xTaskGetTickCountFromISR
 .text.xTaskIncrementTick
                0x08007e48      0x174 ./Middlewares/Third_Party/FreeRTOS/Source/tasks.o
                0x08007e48                xTaskIncrementTick
 .text.vTaskSwitchContext
                0x08007fbc       0xcc ./Middlewares/Third_Party/FreeRTOS/Source/tasks.o
                0x08007fbc                vTaskSwitchContext
 .text.vTaskPlaceOnEventList
                0x08008088       0x4c ./Middlewares/Third_Party/FreeRTOS/Source/tasks.o
                0x08008088                vTaskPlaceOnEventList
 .text.vTaskPlaceOnEventListRestricted
                0x080080d4       0x58 ./Middlewares/Third_Party/FreeRTOS/Source/tasks.o
                0x080080d4                vTaskPlaceOnEventListRestricted
 .text.xTaskRemoveFromEventList
                0x0800812c       0xc8 ./Middlewares/Third_Party/FreeRTOS/Source/tasks.o
                0x0800812c                xTaskRemoveFromEventList
 .text.vTaskInternalSetTimeOutState
                0x080081f4       0x2c ./Middlewares/Third_Party/FreeRTOS/Source/tasks.o
                0x080081f4                vTaskInternalSetTimeOutState
 .text.xTaskCheckForTimeOut
                0x08008220       0xc8 ./Middlewares/Third_Party/FreeRTOS/Source/tasks.o
                0x08008220                xTaskCheckForTimeOut
 .text.vTaskMissedYield
                0x080082e8       0x18 ./Middlewares/Third_Party/FreeRTOS/Source/tasks.o
                0x080082e8                vTaskMissedYield
 .text.prvIdleTask
                0x08008300       0x30 ./Middlewares/Third_Party/FreeRTOS/Source/tasks.o
 .text.prvInitialiseTaskLists
                0x08008330       0x80 ./Middlewares/Third_Party/FreeRTOS/Source/tasks.o
 .text.prvCheckTasksWaitingTermination
                0x080083b0       0x5c ./Middlewares/Third_Party/FreeRTOS/Source/tasks.o
 .text.prvDeleteTCB
                0x0800840c       0x6a ./Middlewares/Third_Party/FreeRTOS/Source/tasks.o
 *fill*         0x08008476        0x2 
 .text.prvResetNextTaskUnblockTime
                0x08008478       0x40 ./Middlewares/Third_Party/FreeRTOS/Source/tasks.o
 .text.xTaskGetCurrentTaskHandle
                0x080084b8       0x20 ./Middlewares/Third_Party/FreeRTOS/Source/tasks.o
                0x080084b8                xTaskGetCurrentTaskHandle
 .text.xTaskGetSchedulerState
                0x080084d8       0x3c ./Middlewares/Third_Party/FreeRTOS/Source/tasks.o
                0x080084d8                xTaskGetSchedulerState
 .text.xTaskPriorityInherit
                0x08008514       0xd0 ./Middlewares/Third_Party/FreeRTOS/Source/tasks.o
                0x08008514                xTaskPriorityInherit
 .text.xTaskPriorityDisinherit
                0x080085e4       0xe0 ./Middlewares/Third_Party/FreeRTOS/Source/tasks.o
                0x080085e4                xTaskPriorityDisinherit
 .text.vTaskPriorityDisinheritAfterTimeout
                0x080086c4      0x108 ./Middlewares/Third_Party/FreeRTOS/Source/tasks.o
                0x080086c4                vTaskPriorityDisinheritAfterTimeout
 .text.pvTaskIncrementMutexHeldCount
                0x080087cc       0x28 ./Middlewares/Third_Party/FreeRTOS/Source/tasks.o
                0x080087cc                pvTaskIncrementMutexHeldCount
 .text.prvAddCurrentTaskToDelayedList
                0x080087f4       0xa8 ./Middlewares/Third_Party/FreeRTOS/Source/tasks.o
 .text.xTimerCreateTimerTask
                0x0800889c       0x94 ./Middlewares/Third_Party/FreeRTOS/Source/timers.o
                0x0800889c                xTimerCreateTimerTask
 .text.xTimerGenericCommand
                0x08008930       0x9c ./Middlewares/Third_Party/FreeRTOS/Source/timers.o
                0x08008930                xTimerGenericCommand
 .text.prvProcessExpiredTimer
                0x080089cc       0x9c ./Middlewares/Third_Party/FreeRTOS/Source/timers.o
 .text.prvTimerTask
                0x08008a68       0x26 ./Middlewares/Third_Party/FreeRTOS/Source/timers.o
 *fill*         0x08008a8e        0x2 
 .text.prvProcessTimerOrBlockTask
                0x08008a90       0x9c ./Middlewares/Third_Party/FreeRTOS/Source/timers.o
 .text.prvGetNextExpireTime
                0x08008b2c       0x48 ./Middlewares/Third_Party/FreeRTOS/Source/timers.o
 .text.prvSampleTimeNow
                0x08008b74       0x40 ./Middlewares/Third_Party/FreeRTOS/Source/timers.o
 .text.prvInsertTimerInActiveList
                0x08008bb4       0x84 ./Middlewares/Third_Party/FreeRTOS/Source/timers.o
 .text.prvProcessReceivedCommands
                0x08008c38      0x1cc ./Middlewares/Third_Party/FreeRTOS/Source/timers.o
 .text.prvSwitchTimerLists
                0x08008e04       0xcc ./Middlewares/Third_Party/FreeRTOS/Source/timers.o
 .text.prvCheckForValidListAndQueue
                0x08008ed0       0x80 ./Middlewares/Third_Party/FreeRTOS/Source/timers.o
 .text.pxPortInitialiseStack
                0x08008f50       0x68 ./Middlewares/Third_Party/FreeRTOS/Source/portable/GCC/ARM_CM4F/port.o
                0x08008f50                pxPortInitialiseStack
 .text.prvTaskExitError
                0x08008fb8       0x5c ./Middlewares/Third_Party/FreeRTOS/Source/portable/GCC/ARM_CM4F/port.o
 *fill*         0x08009014        0xc 
 .text.SVC_Handler
                0x08009020       0x28 ./Middlewares/Third_Party/FreeRTOS/Source/portable/GCC/ARM_CM4F/port.o
                0x08009020                SVC_Handler
 .text.prvPortStartFirstTask
                0x08009048       0x28 ./Middlewares/Third_Party/FreeRTOS/Source/portable/GCC/ARM_CM4F/port.o
 .text.xPortStartScheduler
                0x08009070      0x148 ./Middlewares/Third_Party/FreeRTOS/Source/portable/GCC/ARM_CM4F/port.o
                0x08009070                xPortStartScheduler
 .text.vPortEnterCritical
                0x080091b8       0x64 ./Middlewares/Third_Party/FreeRTOS/Source/portable/GCC/ARM_CM4F/port.o
                0x080091b8                vPortEnterCritical
 .text.vPortExitCritical
                0x0800921c       0x54 ./Middlewares/Third_Party/FreeRTOS/Source/portable/GCC/ARM_CM4F/port.o
                0x0800921c                vPortExitCritical
 .text.PendSV_Handler
                0x08009270       0x68 ./Middlewares/Third_Party/FreeRTOS/Source/portable/GCC/ARM_CM4F/port.o
                0x08009270                PendSV_Handler
 .text.xPortSysTickHandler
                0x080092d8       0x44 ./Middlewares/Third_Party/FreeRTOS/Source/portable/GCC/ARM_CM4F/port.o
                0x080092d8                xPortSysTickHandler
 .text.vPortSetupTimerInterrupt
                0x0800931c       0x48 ./Middlewares/Third_Party/FreeRTOS/Source/portable/GCC/ARM_CM4F/port.o
                0x0800931c                vPortSetupTimerInterrupt
 .text.vPortEnableVFP
                0x08009364       0x14 ./Middlewares/Third_Party/FreeRTOS/Source/portable/GCC/ARM_CM4F/port.o
 .text.vPortValidateInterruptPriority
                0x08009378       0x84 ./Middlewares/Third_Party/FreeRTOS/Source/portable/GCC/ARM_CM4F/port.o
                0x08009378                vPortValidateInterruptPriority
 .text.pvPortMalloc
                0x080093fc      0x19c ./Middlewares/Third_Party/FreeRTOS/Source/portable/MemMang/heap_4.o
                0x080093fc                pvPortMalloc
 .text.vPortFree
                0x08009598       0xc8 ./Middlewares/Third_Party/FreeRTOS/Source/portable/MemMang/heap_4.o
                0x08009598                vPortFree
 .text.prvHeapInit
                0x08009660       0xc4 ./Middlewares/Third_Party/FreeRTOS/Source/portable/MemMang/heap_4.o
 .text.prvInsertBlockIntoFreeList
                0x08009724       0xb4 ./Middlewares/Third_Party/FreeRTOS/Source/portable/MemMang/heap_4.o
 .text.memset   0x080097d8       0x10 C:/ST/STM32CubeIDE_1.19.0/STM32CubeIDE/plugins/com.st.stm32cube.ide.mcu.externaltools.gnu-tools-for-stm32.13.3.rel1.win32_1.0.0.202411081344/tools/bin/../lib/gcc/arm-none-eabi/13.3.1/../../../../arm-none-eabi/lib/thumb/v7e-m+fp/hard\libc_nano.a(libc_a-memset.o)
                0x080097d8                memset
 .text._reclaim_reent
                0x080097e8       0xbc C:/ST/STM32CubeIDE_1.19.0/STM32CubeIDE/plugins/com.st.stm32cube.ide.mcu.externaltools.gnu-tools-for-stm32.13.3.rel1.win32_1.0.0.202411081344/tools/bin/../lib/gcc/arm-none-eabi/13.3.1/../../../../arm-none-eabi/lib/thumb/v7e-m+fp/hard\libc_nano.a(libc_a-reent.o)
                0x080097e8                _reclaim_reent
 .text.__libc_init_array
                0x080098a4       0x48 C:/ST/STM32CubeIDE_1.19.0/STM32CubeIDE/plugins/com.st.stm32cube.ide.mcu.externaltools.gnu-tools-for-stm32.13.3.rel1.win32_1.0.0.202411081344/tools/bin/../lib/gcc/arm-none-eabi/13.3.1/../../../../arm-none-eabi/lib/thumb/v7e-m+fp/hard\libc_nano.a(libc_a-init.o)
                0x080098a4                __libc_init_array
 .text.__retarget_lock_acquire_recursive
                0x080098ec        0x2 C:/ST/STM32CubeIDE_1.19.0/STM32CubeIDE/plugins/com.st.stm32cube.ide.mcu.externaltools.gnu-tools-for-stm32.13.3.rel1.win32_1.0.0.202411081344/tools/bin/../lib/gcc/arm-none-eabi/13.3.1/../../../../arm-none-eabi/lib/thumb/v7e-m+fp/hard\libc_nano.a(libc_a-lock.o)
                0x080098ec                __retarget_lock_acquire_recursive
 .text.__retarget_lock_release_recursive
                0x080098ee        0x2 C:/ST/STM32CubeIDE_1.19.0/STM32CubeIDE/plugins/com.st.stm32cube.ide.mcu.externaltools.gnu-tools-for-stm32.13.3.rel1.win32_1.0.0.202411081344/tools/bin/../lib/gcc/arm-none-eabi/13.3.1/../../../../arm-none-eabi/lib/thumb/v7e-m+fp/hard\libc_nano.a(libc_a-lock.o)
                0x080098ee                __retarget_lock_release_recursive
 .text.memcpy   0x080098f0       0x1c C:/ST/STM32CubeIDE_1.19.0/STM32CubeIDE/plugins/com.st.stm32cube.ide.mcu.externaltools.gnu-tools-for-stm32.13.3.rel1.win32_1.0.0.202411081344/tools/bin/../lib/gcc/arm-none-eabi/13.3.1/../../../../arm-none-eabi/lib/thumb/v7e-m+fp/hard\libc_nano.a(libc_a-memcpy-stub.o)
                0x080098f0                memcpy
 .text._free_r  0x0800990c       0x94 C:/ST/STM32CubeIDE_1.19.0/STM32CubeIDE/plugins/com.st.stm32cube.ide.mcu.externaltools.gnu-tools-for-stm32.13.3.rel1.win32_1.0.0.202411081344/tools/bin/../lib/gcc/arm-none-eabi/13.3.1/../../../../arm-none-eabi/lib/thumb/v7e-m+fp/hard\libc_nano.a(libc_a-freer.o)
                0x0800990c                _free_r
 .text.__malloc_lock
                0x080099a0        0xc C:/ST/STM32CubeIDE_1.19.0/STM32CubeIDE/plugins/com.st.stm32cube.ide.mcu.externaltools.gnu-tools-for-stm32.13.3.rel1.win32_1.0.0.202411081344/tools/bin/../lib/gcc/arm-none-eabi/13.3.1/../../../../arm-none-eabi/lib/thumb/v7e-m+fp/hard\libc_nano.a(libc_a-mlock.o)
                0x080099a0                __malloc_lock
 .text.__malloc_unlock
                0x080099ac        0xc C:/ST/STM32CubeIDE_1.19.0/STM32CubeIDE/plugins/com.st.stm32cube.ide.mcu.externaltools.gnu-tools-for-stm32.13.3.rel1.win32_1.0.0.202411081344/tools/bin/../lib/gcc/arm-none-eabi/13.3.1/../../../../arm-none-eabi/lib/thumb/v7e-m+fp/hard\libc_nano.a(libc_a-mlock.o)
                0x080099ac                __malloc_unlock
 *(.glue_7)
 .glue_7        0x080099b8        0x0 linker stubs
 *(.glue_7t)
 .glue_7t       0x080099b8        0x0 linker stubs
 *(.eh_frame)
 .eh_frame      0x080099b8        0x0 C:/ST/STM32CubeIDE_1.19.0/STM32CubeIDE/plugins/com.st.stm32cube.ide.mcu.externaltools.gnu-tools-for-stm32.13.3.rel1.win32_1.0.0.202411081344/tools/bin/../lib/gcc/arm-none-eabi/13.3.1/thumb/v7e-m+fp/hard/crtbegin.o
 *(.init)
 .init          0x080099b8        0x4 C:/ST/STM32CubeIDE_1.19.0/STM32CubeIDE/plugins/com.st.stm32cube.ide.mcu.externaltools.gnu-tools-for-stm32.13.3.rel1.win32_1.0.0.202411081344/tools/bin/../lib/gcc/arm-none-eabi/13.3.1/thumb/v7e-m+fp/hard/crti.o
                0x080099b8                _init
 .init          0x080099bc        0x8 C:/ST/STM32CubeIDE_1.19.0/STM32CubeIDE/plugins/com.st.stm32cube.ide.mcu.externaltools.gnu-tools-for-stm32.13.3.rel1.win32_1.0.0.202411081344/tools/bin/../lib/gcc/arm-none-eabi/13.3.1/thumb/v7e-m+fp/hard/crtn.o
 *(.fini)
 .fini          0x080099c4        0x4 C:/ST/STM32CubeIDE_1.19.0/STM32CubeIDE/plugins/com.st.stm32cube.ide.mcu.externaltools.gnu-tools-for-stm32.13.3.rel1.win32_1.0.0.202411081344/tools/bin/../lib/gcc/arm-none-eabi/13.3.1/thumb/v7e-m+fp/hard/crti.o
                0x080099c4                _fini
 .fini          0x080099c8        0x8 C:/ST/STM32CubeIDE_1.19.0/STM32CubeIDE/plugins/com.st.stm32cube.ide.mcu.externaltools.gnu-tools-for-stm32.13.3.rel1.win32_1.0.0.202411081344/tools/bin/../lib/gcc/arm-none-eabi/13.3.1/thumb/v7e-m+fp/hard/crtn.o
                0x080099d0                        . = ALIGN (0x4)
                0x080099d0                        _etext = .

.vfp11_veneer   0x080099d0        0x0
 .vfp11_veneer  0x080099d0        0x0 linker stubs

.v4_bx          0x080099d0        0x0
 .v4_bx         0x080099d0        0x0 linker stubs

.iplt           0x080099d0        0x0
 .iplt          0x080099d0        0x0 C:/ST/STM32CubeIDE_1.19.0/STM32CubeIDE/plugins/com.st.stm32cube.ide.mcu.externaltools.gnu-tools-for-stm32.13.3.rel1.win32_1.0.0.202411081344/tools/bin/../lib/gcc/arm-none-eabi/13.3.1/thumb/v7e-m+fp/hard/crtbegin.o

.rodata         0x080099d0      0x238
                0x080099d0                        . = ALIGN (0x4)
 *(.rodata)
 .rodata        0x080099d0       0x8c ./Core/Src/freertos.o
 .rodata        0x08009a5c        0x5 ./Middlewares/Third_Party/FreeRTOS/Source/tasks.o
 *fill*         0x08009a61        0x3 
 .rodata        0x08009a64        0xd ./Middlewares/Third_Party/FreeRTOS/Source/timers.o
 *(.rodata*)
 *fill*         0x08009a71        0x3 
 .rodata.uartRxTask_attributes
                0x08009a74       0x24 ./Core/Src/freertos.o
                0x08009a74                uartRxTask_attributes
 .rodata.commandTask_attributes
                0x08009a98       0x24 ./Core/Src/freertos.o
                0x08009a98                commandTask_attributes
 .rodata.relayTask_attributes
                0x08009abc       0x24 ./Core/Src/freertos.o
                0x08009abc                relayTask_attributes
 .rodata.projectorTask_attributes
                0x08009ae0       0x24 ./Core/Src/freertos.o
                0x08009ae0                projectorTask_attributes
 .rodata.irTask_attributes
                0x08009b04       0x24 ./Core/Src/freertos.o
                0x08009b04                irTask_attributes
 .rodata.otaTask_attributes
                0x08009b28       0x24 ./Core/Src/freertos.o
                0x08009b28                otaTask_attributes
 .rodata.uartQueue_attributes
                0x08009b4c       0x18 ./Core/Src/freertos.o
                0x08009b4c                uartQueue_attributes
 .rodata.relayQueue_attributes
                0x08009b64       0x18 ./Core/Src/freertos.o
                0x08009b64                relayQueue_attributes
 .rodata.projectorQueue_attributes
                0x08009b7c       0x18 ./Core/Src/freertos.o
                0x08009b7c                projectorQueue_attributes
 .rodata.irQueue_attributes
                0x08009b94       0x18 ./Core/Src/freertos.o
                0x08009b94                irQueue_attributes
 .rodata.otaQueue_attributes
                0x08009bac       0x18 ./Core/Src/freertos.o
                0x08009bac                otaQueue_attributes
 .rodata.uartTxMutex_attributes
                0x08009bc4       0x10 ./Core/Src/freertos.o
                0x08009bc4                uartTxMutex_attributes
 .rodata.projectorPowerOnCmd
                0x08009bd4        0x8 ./Core/Src/projector_service.o
 .rodata.projectorPowerOffCmd
                0x08009bdc        0x9 ./Core/Src/projector_service.o
 *fill*         0x08009be5        0x3 
 .rodata.AHBPrescTable
                0x08009be8       0x10 ./Core/Src/system_stm32f4xx.o
                0x08009be8                AHBPrescTable
 .rodata.APBPrescTable
                0x08009bf8        0x8 ./Core/Src/system_stm32f4xx.o
                0x08009bf8                APBPrescTable
 .rodata.flagBitshiftOffset.0
                0x08009c00        0x8 ./Drivers/STM32F4xx_HAL_Driver/Src/stm32f4xx_hal_dma.o
                0x08009c08                        . = ALIGN (0x4)

.ARM.extab      0x08009c08        0x0
                0x08009c08                        . = ALIGN (0x4)
 *(.ARM.extab* .gnu.linkonce.armextab.*)
                0x08009c08                        . = ALIGN (0x4)

.ARM            0x08009c08        0x8
                0x08009c08                        . = ALIGN (0x4)
                0x08009c08                        __exidx_start = .
 *(.ARM.exidx*)
 .ARM.exidx     0x08009c08        0x8 C:/ST/STM32CubeIDE_1.19.0/STM32CubeIDE/plugins/com.st.stm32cube.ide.mcu.externaltools.gnu-tools-for-stm32.13.3.rel1.win32_1.0.0.202411081344/tools/bin/../lib/gcc/arm-none-eabi/13.3.1/thumb/v7e-m+fp/hard\libgcc.a(_udivmoddi4.o)
                0x08009c10                        __exidx_end = .
                0x08009c10                        . = ALIGN (0x4)

.preinit_array  0x08009c10        0x0
                0x08009c10                        . = ALIGN (0x4)
                0x08009c10                        PROVIDE (__preinit_array_start = .)
 *(.preinit_array*)
                0x08009c10                        PROVIDE (__preinit_array_end = .)
                0x08009c10                        . = ALIGN (0x4)

.init_array     0x08009c10        0x4
                0x08009c10                        . = ALIGN (0x4)
                0x08009c10                        PROVIDE (__init_array_start = .)
 *(SORT_BY_NAME(.init_array.*))
 *(.init_array*)
 .init_array    0x08009c10        0x4 C:/ST/STM32CubeIDE_1.19.0/STM32CubeIDE/plugins/com.st.stm32cube.ide.mcu.externaltools.gnu-tools-for-stm32.13.3.rel1.win32_1.0.0.202411081344/tools/bin/../lib/gcc/arm-none-eabi/13.3.1/thumb/v7e-m+fp/hard/crtbegin.o
                0x08009c14                        PROVIDE (__init_array_end = .)
                0x08009c14                        . = ALIGN (0x4)

.fini_array     0x08009c14        0x4
                0x08009c14                        . = ALIGN (0x4)
                [!provide]                        PROVIDE (__fini_array_start = .)
 *(SORT_BY_NAME(.fini_array.*))
 *(.fini_array*)
 .fini_array    0x08009c14        0x4 C:/ST/STM32CubeIDE_1.19.0/STM32CubeIDE/plugins/com.st.stm32cube.ide.mcu.externaltools.gnu-tools-for-stm32.13.3.rel1.win32_1.0.0.202411081344/tools/bin/../lib/gcc/arm-none-eabi/13.3.1/thumb/v7e-m+fp/hard/crtbegin.o
                [!provide]                        PROVIDE (__fini_array_end = .)
                0x08009c18                        . = ALIGN (0x4)
                0x08009c18                        _sidata = LOADADDR (.data)

.rel.dyn        0x08009c18        0x0
 .rel.iplt      0x08009c18        0x0 C:/ST/STM32CubeIDE_1.19.0/STM32CubeIDE/plugins/com.st.stm32cube.ide.mcu.externaltools.gnu-tools-for-stm32.13.3.rel1.win32_1.0.0.202411081344/tools/bin/../lib/gcc/arm-none-eabi/13.3.1/thumb/v7e-m+fp/hard/crtbegin.o

.data           0x20000000       0x60 load address 0x08009c18
                0x20000000                        . = ALIGN (0x4)
                0x20000000                        _sdata = .
 *(.data)
 *(.data*)
 .data.SystemCoreClock
                0x20000000        0x4 ./Core/Src/system_stm32f4xx.o
                0x20000000                SystemCoreClock
 .data.uwTickPrio
                0x20000004        0x4 ./Drivers/STM32F4xx_HAL_Driver/Src/stm32f4xx_hal.o
                0x20000004                uwTickPrio
 .data.uwTickFreq
                0x20000008        0x1 ./Drivers/STM32F4xx_HAL_Driver/Src/stm32f4xx_hal.o
                0x20000008                uwTickFreq
 *fill*         0x20000009        0x3 
 .data.uxCriticalNesting
                0x2000000c        0x4 ./Middlewares/Third_Party/FreeRTOS/Source/portable/GCC/ARM_CM4F/port.o
 .data._impure_ptr
                0x20000010        0x4 C:/ST/STM32CubeIDE_1.19.0/STM32CubeIDE/plugins/com.st.stm32cube.ide.mcu.externaltools.gnu-tools-for-stm32.13.3.rel1.win32_1.0.0.202411081344/tools/bin/../lib/gcc/arm-none-eabi/13.3.1/../../../../arm-none-eabi/lib/thumb/v7e-m+fp/hard\libc_nano.a(libc_a-impure.o)
                0x20000010                _impure_ptr
 .data._impure_data
                0x20000014       0x4c C:/ST/STM32CubeIDE_1.19.0/STM32CubeIDE/plugins/com.st.stm32cube.ide.mcu.externaltools.gnu-tools-for-stm32.13.3.rel1.win32_1.0.0.202411081344/tools/bin/../lib/gcc/arm-none-eabi/13.3.1/../../../../arm-none-eabi/lib/thumb/v7e-m+fp/hard\libc_nano.a(libc_a-impure.o)
                0x20000014                _impure_data
 *(.RamFunc)
 *(.RamFunc*)
                0x20000060                        . = ALIGN (0x4)
                0x20000060                        _edata = .

.igot.plt       0x20000060        0x0 load address 0x08009c78
 .igot.plt      0x20000060        0x0 C:/ST/STM32CubeIDE_1.19.0/STM32CubeIDE/plugins/com.st.stm32cube.ide.mcu.externaltools.gnu-tools-for-stm32.13.3.rel1.win32_1.0.0.202411081344/tools/bin/../lib/gcc/arm-none-eabi/13.3.1/thumb/v7e-m+fp/hard/crtbegin.o
                0x20000060                        . = ALIGN (0x4)

.bss            0x20000060     0x4f24 load address 0x08009c78
                0x20000060                        _sbss = .
                0x20000060                        __bss_start__ = _sbss
 *(.bss)
 .bss           0x20000060       0x1c C:/ST/STM32CubeIDE_1.19.0/STM32CubeIDE/plugins/com.st.stm32cube.ide.mcu.externaltools.gnu-tools-for-stm32.13.3.rel1.win32_1.0.0.202411081344/tools/bin/../lib/gcc/arm-none-eabi/13.3.1/thumb/v7e-m+fp/hard/crtbegin.o
 *(.bss*)
 .bss.uartRxDmaBuffer
                0x2000007c      0x100 ./Core/Src/freertos.o
 .bss.uartRxTaskHandle
                0x2000017c        0x4 ./Core/Src/freertos.o
                0x2000017c                uartRxTaskHandle
 .bss.commandTaskHandle
                0x20000180        0x4 ./Core/Src/freertos.o
                0x20000180                commandTaskHandle
 .bss.relayTaskHandle
                0x20000184        0x4 ./Core/Src/freertos.o
                0x20000184                relayTaskHandle
 .bss.projectorTaskHandle
                0x20000188        0x4 ./Core/Src/freertos.o
                0x20000188                projectorTaskHandle
 .bss.irTaskHandle
                0x2000018c        0x4 ./Core/Src/freertos.o
                0x2000018c                irTaskHandle
 .bss.otaTaskHandle
                0x20000190        0x4 ./Core/Src/freertos.o
                0x20000190                otaTaskHandle
 .bss.uartQueueHandle
                0x20000194        0x4 ./Core/Src/freertos.o
                0x20000194                uartQueueHandle
 .bss.relayQueueHandle
                0x20000198        0x4 ./Core/Src/freertos.o
                0x20000198                relayQueueHandle
 .bss.projectorQueueHandle
                0x2000019c        0x4 ./Core/Src/freertos.o
                0x2000019c                projectorQueueHandle
 .bss.irQueueHandle
                0x200001a0        0x4 ./Core/Src/freertos.o
                0x200001a0                irQueueHandle
 .bss.otaQueueHandle
                0x200001a4        0x4 ./Core/Src/freertos.o
                0x200001a4                otaQueueHandle
 .bss.uartTxMutexHandle
                0x200001a8        0x4 ./Core/Src/freertos.o
                0x200001a8                uartTxMutexHandle
 .bss.otaInProgress
                0x200001ac        0x1 ./Core/Src/ota_service.o
 *fill*         0x200001ad        0x3 
 .bss.otaExpectedSize
                0x200001b0        0x4 ./Core/Src/ota_service.o
 .bss.otaReceivedSize
                0x200001b4        0x4 ./Core/Src/ota_service.o
 .bss.otaExpectedChunkIndex
                0x200001b8        0x1 ./Core/Src/ota_service.o
 .bss.lightState
                0x200001b9        0x1 ./Core/Src/relay_service.o
 *fill*         0x200001ba        0x2 
 .bss.curtainMotor
                0x200001bc        0x8 ./Core/Src/relay_service.o
 .bss.screenMotor
                0x200001c4        0x8 ./Core/Src/relay_service.o
 .bss.parserState
                0x200001cc        0x1 ./Core/Src/sps_protocol.o
 *fill*         0x200001cd        0x3 
 .bss.currentFrame
                0x200001d0      0x101 ./Core/Src/sps_protocol.o
 *fill*         0x200002d1        0x1 
 .bss.payloadIndex
                0x200002d2        0x2 ./Core/Src/sps_protocol.o
 .bss.receivedCrc
                0x200002d4        0x2 ./Core/Src/sps_protocol.o
 *fill*         0x200002d6        0x2 
 .bss.htim5     0x200002d8       0x48 ./Core/Src/stm32f4xx_hal_timebase_tim.o
                0x200002d8                htim5
 .bss.htim1     0x20000320       0x48 ./Core/Src/tim.o
                0x20000320                htim1
 .bss.huart1    0x20000368       0x48 ./Core/Src/usart.o
                0x20000368                huart1
 .bss.huart2    0x200003b0       0x48 ./Core/Src/usart.o
                0x200003b0                huart2
 .bss.hdma_usart1_rx
                0x200003f8       0x60 ./Core/Src/usart.o
                0x200003f8                hdma_usart1_rx
 .bss.uwTick    0x20000458        0x4 ./Drivers/STM32F4xx_HAL_Driver/Src/stm32f4xx_hal.o
                0x20000458                uwTick
 .bss.KernelState
                0x2000045c        0x4 ./Middlewares/Third_Party/FreeRTOS/Source/CMSIS_RTOS_V2/cmsis_os2.o
 .bss.Idle_TCB.3
                0x20000460       0xa8 ./Middlewares/Third_Party/FreeRTOS/Source/CMSIS_RTOS_V2/cmsis_os2.o
 .bss.Idle_Stack.2
                0x20000508      0x200 ./Middlewares/Third_Party/FreeRTOS/Source/CMSIS_RTOS_V2/cmsis_os2.o
 .bss.Timer_TCB.1
                0x20000708       0xa8 ./Middlewares/Third_Party/FreeRTOS/Source/CMSIS_RTOS_V2/cmsis_os2.o
 .bss.Timer_Stack.0
                0x200007b0      0x400 ./Middlewares/Third_Party/FreeRTOS/Source/CMSIS_RTOS_V2/cmsis_os2.o
 .bss.xQueueRegistry
                0x20000bb0       0x40 ./Middlewares/Third_Party/FreeRTOS/Source/queue.o
                0x20000bb0                xQueueRegistry
 .bss.pxCurrentTCB
                0x20000bf0        0x4 ./Middlewares/Third_Party/FreeRTOS/Source/tasks.o
                0x20000bf0                pxCurrentTCB
 .bss.pxReadyTasksLists
                0x20000bf4      0x460 ./Middlewares/Third_Party/FreeRTOS/Source/tasks.o
 .bss.xDelayedTaskList1
                0x20001054       0x14 ./Middlewares/Third_Party/FreeRTOS/Source/tasks.o
 .bss.xDelayedTaskList2
                0x20001068       0x14 ./Middlewares/Third_Party/FreeRTOS/Source/tasks.o
 .bss.pxDelayedTaskList
                0x2000107c        0x4 ./Middlewares/Third_Party/FreeRTOS/Source/tasks.o
 .bss.pxOverflowDelayedTaskList
                0x20001080        0x4 ./Middlewares/Third_Party/FreeRTOS/Source/tasks.o
 .bss.xPendingReadyList
                0x20001084       0x14 ./Middlewares/Third_Party/FreeRTOS/Source/tasks.o
 .bss.xTasksWaitingTermination
                0x20001098       0x14 ./Middlewares/Third_Party/FreeRTOS/Source/tasks.o
 .bss.uxDeletedTasksWaitingCleanUp
                0x200010ac        0x4 ./Middlewares/Third_Party/FreeRTOS/Source/tasks.o
 .bss.xSuspendedTaskList
                0x200010b0       0x14 ./Middlewares/Third_Party/FreeRTOS/Source/tasks.o
 .bss.uxCurrentNumberOfTasks
                0x200010c4        0x4 ./Middlewares/Third_Party/FreeRTOS/Source/tasks.o
 .bss.xTickCount
                0x200010c8        0x4 ./Middlewares/Third_Party/FreeRTOS/Source/tasks.o
 .bss.uxTopReadyPriority
                0x200010cc        0x4 ./Middlewares/Third_Party/FreeRTOS/Source/tasks.o
 .bss.xSchedulerRunning
                0x200010d0        0x4 ./Middlewares/Third_Party/FreeRTOS/Source/tasks.o
 .bss.xPendedTicks
                0x200010d4        0x4 ./Middlewares/Third_Party/FreeRTOS/Source/tasks.o
 .bss.xYieldPending
                0x200010d8        0x4 ./Middlewares/Third_Party/FreeRTOS/Source/tasks.o
 .bss.xNumOfOverflows
                0x200010dc        0x4 ./Middlewares/Third_Party/FreeRTOS/Source/tasks.o
 .bss.uxTaskNumber
                0x200010e0        0x4 ./Middlewares/Third_Party/FreeRTOS/Source/tasks.o
 .bss.xNextTaskUnblockTime
                0x200010e4        0x4 ./Middlewares/Third_Party/FreeRTOS/Source/tasks.o
 .bss.xIdleTaskHandle
                0x200010e8        0x4 ./Middlewares/Third_Party/FreeRTOS/Source/tasks.o
 .bss.uxSchedulerSuspended
                0x200010ec        0x4 ./Middlewares/Third_Party/FreeRTOS/Source/tasks.o
 .bss.xActiveTimerList1
                0x200010f0       0x14 ./Middlewares/Third_Party/FreeRTOS/Source/timers.o
 .bss.xActiveTimerList2
                0x20001104       0x14 ./Middlewares/Third_Party/FreeRTOS/Source/timers.o
 .bss.pxCurrentTimerList
                0x20001118        0x4 ./Middlewares/Third_Party/FreeRTOS/Source/timers.o
 .bss.pxOverflowTimerList
                0x2000111c        0x4 ./Middlewares/Third_Party/FreeRTOS/Source/timers.o
 .bss.xTimerQueue
                0x20001120        0x4 ./Middlewares/Third_Party/FreeRTOS/Source/timers.o
 .bss.xTimerTaskHandle
                0x20001124        0x4 ./Middlewares/Third_Party/FreeRTOS/Source/timers.o
 .bss.xLastTime.2
                0x20001128        0x4 ./Middlewares/Third_Party/FreeRTOS/Source/timers.o
 .bss.ucStaticTimerQueueStorage.1
                0x2000112c       0xa0 ./Middlewares/Third_Party/FreeRTOS/Source/timers.o
 .bss.xStaticTimerQueue.0
                0x200011cc       0x50 ./Middlewares/Third_Party/FreeRTOS/Source/timers.o
 .bss.ucMaxSysCallPriority
                0x2000121c        0x1 ./Middlewares/Third_Party/FreeRTOS/Source/portable/GCC/ARM_CM4F/port.o
 *fill*         0x2000121d        0x3 
 .bss.ulMaxPRIGROUPValue
                0x20001220        0x4 ./Middlewares/Third_Party/FreeRTOS/Source/portable/GCC/ARM_CM4F/port.o
 .bss.ucHeap    0x20001224     0x3c00 ./Middlewares/Third_Party/FreeRTOS/Source/portable/MemMang/heap_4.o
 .bss.xStart    0x20004e24        0x8 ./Middlewares/Third_Party/FreeRTOS/Source/portable/MemMang/heap_4.o
 .bss.pxEnd     0x20004e2c        0x4 ./Middlewares/Third_Party/FreeRTOS/Source/portable/MemMang/heap_4.o
 .bss.xFreeBytesRemaining
                0x20004e30        0x4 ./Middlewares/Third_Party/FreeRTOS/Source/portable/MemMang/heap_4.o
 .bss.xMinimumEverFreeBytesRemaining
                0x20004e34        0x4 ./Middlewares/Third_Party/FreeRTOS/Source/portable/MemMang/heap_4.o
 .bss.xNumberOfSuccessfulAllocations
                0x20004e38        0x4 ./Middlewares/Third_Party/FreeRTOS/Source/portable/MemMang/heap_4.o
 .bss.xNumberOfSuccessfulFrees
                0x20004e3c        0x4 ./Middlewares/Third_Party/FreeRTOS/Source/portable/MemMang/heap_4.o
 .bss.xBlockAllocatedBit
                0x20004e40        0x4 ./Middlewares/Third_Party/FreeRTOS/Source/portable/MemMang/heap_4.o
 .bss.__sf      0x20004e44      0x138 C:/ST/STM32CubeIDE_1.19.0/STM32CubeIDE/plugins/com.st.stm32cube.ide.mcu.externaltools.gnu-tools-for-stm32.13.3.rel1.win32_1.0.0.202411081344/tools/bin/../lib/gcc/arm-none-eabi/13.3.1/../../../../arm-none-eabi/lib/thumb/v7e-m+fp/hard\libc_nano.a(libc_a-findfp.o)
                0x20004e44                __sf
 .bss.__lock___malloc_recursive_mutex
                0x20004f7c        0x1 C:/ST/STM32CubeIDE_1.19.0/STM32CubeIDE/plugins/com.st.stm32cube.ide.mcu.externaltools.gnu-tools-for-stm32.13.3.rel1.win32_1.0.0.202411081344/tools/bin/../lib/gcc/arm-none-eabi/13.3.1/../../../../arm-none-eabi/lib/thumb/v7e-m+fp/hard\libc_nano.a(libc_a-lock.o)
                0x20004f7c                __lock___malloc_recursive_mutex
 *fill*         0x20004f7d        0x3 
 .bss.__malloc_free_list
                0x20004f80        0x4 C:/ST/STM32CubeIDE_1.19.0/STM32CubeIDE/plugins/com.st.stm32cube.ide.mcu.externaltools.gnu-tools-for-stm32.13.3.rel1.win32_1.0.0.202411081344/tools/bin/../lib/gcc/arm-none-eabi/13.3.1/../../../../arm-none-eabi/lib/thumb/v7e-m+fp/hard\libc_nano.a(libc_a-mallocr.o)
                0x20004f80                __malloc_free_list
 *(COMMON)
                0x20004f84                        . = ALIGN (0x4)
                0x20004f84                        _ebss = .
                0x20004f84                        __bss_end__ = _ebss

._user_heap_stack
                0x20004f84      0x604 load address 0x08009c78
                0x20004f88                        . = ALIGN (0x8)
 *fill*         0x20004f84        0x4 
                [!provide]                        PROVIDE (end = .)
                0x20004f88                        PROVIDE (_end = .)
                0x20005188                        . = (. + _Min_Heap_Size)
 *fill*         0x20004f88      0x200 
                0x20005588                        . = (. + _Min_Stack_Size)
 *fill*         0x20005188      0x400 
                0x20005588                        . = ALIGN (0x8)

/DISCARD/
 libc.a(*)
 libm.a(*)
 libgcc.a(*)

.ARM.attributes
                0x00000000       0x30
 *(.ARM.attributes)
 .ARM.attributes
                0x00000000       0x22 C:/ST/STM32CubeIDE_1.19.0/STM32CubeIDE/plugins/com.st.stm32cube.ide.mcu.externaltools.gnu-tools-for-stm32.13.3.rel1.win32_1.0.0.202411081344/tools/bin/../lib/gcc/arm-none-eabi/13.3.1/thumb/v7e-m+fp/hard/crti.o
 .ARM.attributes
                0x00000022       0x34 C:/ST/STM32CubeIDE_1.19.0/STM32CubeIDE/plugins/com.st.stm32cube.ide.mcu.externaltools.gnu-tools-for-stm32.13.3.rel1.win32_1.0.0.202411081344/tools/bin/../lib/gcc/arm-none-eabi/13.3.1/thumb/v7e-m+fp/hard/crtbegin.o
 .ARM.attributes
                0x00000056       0x34 ./Core/Src/command_dispatcher.o
 .ARM.attributes
                0x0000008a       0x34 ./Core/Src/dma.o
 .ARM.attributes
                0x000000be       0x34 ./Core/Src/freertos.o
 .ARM.attributes
                0x000000f2       0x34 ./Core/Src/gpio.o
 .ARM.attributes
                0x00000126       0x34 ./Core/Src/ir_service.o
 .ARM.attributes
                0x0000015a       0x34 ./Core/Src/main.o
 .ARM.attributes
                0x0000018e       0x34 ./Core/Src/ota_service.o
 .ARM.attributes
                0x000001c2       0x34 ./Core/Src/projector_service.o
 .ARM.attributes
                0x000001f6       0x34 ./Core/Src/relay_service.o
 .ARM.attributes
                0x0000022a       0x34 ./Core/Src/sps_protocol.o
 .ARM.attributes
                0x0000025e       0x34 ./Core/Src/stm32f4xx_hal_msp.o
 .ARM.attributes
                0x00000292       0x34 ./Core/Src/stm32f4xx_hal_timebase_tim.o
 .ARM.attributes
                0x000002c6       0x34 ./Core/Src/stm32f4xx_it.o
 .ARM.attributes
                0x000002fa       0x34 ./Core/Src/system_stm32f4xx.o
 .ARM.attributes
                0x0000032e       0x34 ./Core/Src/tim.o
 .ARM.attributes
                0x00000362       0x34 ./Core/Src/usart.o
 .ARM.attributes
                0x00000396       0x21 ./Core/Startup/startup_stm32f401ccux.o
 .ARM.attributes
                0x000003b7       0x34 ./Drivers/STM32F4xx_HAL_Driver/Src/stm32f4xx_hal.o
 .ARM.attributes
                0x000003eb       0x34 ./Drivers/STM32F4xx_HAL_Driver/Src/stm32f4xx_hal_cortex.o
 .ARM.attributes
                0x0000041f       0x34 ./Drivers/STM32F4xx_HAL_Driver/Src/stm32f4xx_hal_dma.o
 .ARM.attributes
                0x00000453       0x34 ./Drivers/STM32F4xx_HAL_Driver/Src/stm32f4xx_hal_gpio.o
 .ARM.attributes
                0x00000487       0x34 ./Drivers/STM32F4xx_HAL_Driver/Src/stm32f4xx_hal_rcc.o
 .ARM.attributes
                0x000004bb       0x34 ./Drivers/STM32F4xx_HAL_Driver/Src/stm32f4xx_hal_tim.o
 .ARM.attributes
                0x000004ef       0x34 ./Drivers/STM32F4xx_HAL_Driver/Src/stm32f4xx_hal_tim_ex.o
 .ARM.attributes
                0x00000523       0x34 ./Drivers/STM32F4xx_HAL_Driver/Src/stm32f4xx_hal_uart.o
 .ARM.attributes
                0x00000557       0x34 ./Middlewares/Third_Party/FreeRTOS/Source/CMSIS_RTOS_V2/cmsis_os2.o
 .ARM.attributes
                0x0000058b       0x34 ./Middlewares/Third_Party/FreeRTOS/Source/list.o
 .ARM.attributes
                0x000005bf       0x34 ./Middlewares/Third_Party/FreeRTOS/Source/queue.o
 .ARM.attributes
                0x000005f3       0x34 ./Middlewares/Third_Party/FreeRTOS/Source/tasks.o
 .ARM.attributes
                0x00000627       0x34 ./Middlewares/Third_Party/FreeRTOS/Source/timers.o
 .ARM.attributes
                0x0000065b       0x34 ./Middlewares/Third_Party/FreeRTOS/Source/portable/GCC/ARM_CM4F/port.o
 .ARM.attributes
                0x0000068f       0x34 ./Middlewares/Third_Party/FreeRTOS/Source/portable/MemMang/heap_4.o
 .ARM.attributes
                0x000006c3       0x34 C:/ST/STM32CubeIDE_1.19.0/STM32CubeIDE/plugins/com.st.stm32cube.ide.mcu.externaltools.gnu-tools-for-stm32.13.3.rel1.win32_1.0.0.202411081344/tools/bin/../lib/gcc/arm-none-eabi/13.3.1/../../../../arm-none-eabi/lib/thumb/v7e-m+fp/hard\libc_nano.a(libc_a-findfp.o)
 .ARM.attributes
                0x000006f7       0x34 C:/ST/STM32CubeIDE_1.19.0/STM32CubeIDE/plugins/com.st.stm32cube.ide.mcu.externaltools.gnu-tools-for-stm32.13.3.rel1.win32_1.0.0.202411081344/tools/bin/../lib/gcc/arm-none-eabi/13.3.1/../../../../arm-none-eabi/lib/thumb/v7e-m+fp/hard\libc_nano.a(libc_a-memset.o)
 .ARM.attributes
                0x0000072b       0x34 C:/ST/STM32CubeIDE_1.19.0/STM32CubeIDE/plugins/com.st.stm32cube.ide.mcu.externaltools.gnu-tools-for-stm32.13.3.rel1.win32_1.0.0.202411081344/tools/bin/../lib/gcc/arm-none-eabi/13.3.1/../../../../arm-none-eabi/lib/thumb/v7e-m+fp/hard\libc_nano.a(libc_a-reent.o)
 .ARM.attributes
                0x0000075f       0x34 C:/ST/STM32CubeIDE_1.19.0/STM32CubeIDE/plugins/com.st.stm32cube.ide.mcu.externaltools.gnu-tools-for-stm32.13.3.rel1.win32_1.0.0.202411081344/tools/bin/../lib/gcc/arm-none-eabi/13.3.1/../../../../arm-none-eabi/lib/thumb/v7e-m+fp/hard\libc_nano.a(libc_a-impure.o)
 .ARM.attributes
                0x00000793       0x34 C:/ST/STM32CubeIDE_1.19.0/STM32CubeIDE/plugins/com.st.stm32cube.ide.mcu.externaltools.gnu-tools-for-stm32.13.3.rel1.win32_1.0.0.202411081344/tools/bin/../lib/gcc/arm-none-eabi/13.3.1/../../../../arm-none-eabi/lib/thumb/v7e-m+fp/hard\libc_nano.a(libc_a-init.o)
 .ARM.attributes
                0x000007c7       0x34 C:/ST/STM32CubeIDE_1.19.0/STM32CubeIDE/plugins/com.st.stm32cube.ide.mcu.externaltools.gnu-tools-for-stm32.13.3.rel1.win32_1.0.0.202411081344/tools/bin/../lib/gcc/arm-none-eabi/13.3.1/../../../../arm-none-eabi/lib/thumb/v7e-m+fp/hard\libc_nano.a(libc_a-lock.o)
 .ARM.attributes
                0x000007fb       0x34 C:/ST/STM32CubeIDE_1.19.0/STM32CubeIDE/plugins/com.st.stm32cube.ide.mcu.externaltools.gnu-tools-for-stm32.13.3.rel1.win32_1.0.0.202411081344/tools/bin/../lib/gcc/arm-none-eabi/13.3.1/../../../../arm-none-eabi/lib/thumb/v7e-m+fp/hard\libc_nano.a(libc_a-memcpy-stub.o)
 .ARM.attributes
                0x0000082f       0x34 C:/ST/STM32CubeIDE_1.19.0/STM32CubeIDE/plugins/com.st.stm32cube.ide.mcu.externaltools.gnu-tools-for-stm32.13.3.rel1.win32_1.0.0.202411081344/tools/bin/../lib/gcc/arm-none-eabi/13.3.1/../../../../arm-none-eabi/lib/thumb/v7e-m+fp/hard\libc_nano.a(libc_a-freer.o)
 .ARM.attributes
                0x00000863       0x34 C:/ST/STM32CubeIDE_1.19.0/STM32CubeIDE/plugins/com.st.stm32cube.ide.mcu.externaltools.gnu-tools-for-stm32.13.3.rel1.win32_1.0.0.202411081344/tools/bin/../lib/gcc/arm-none-eabi/13.3.1/../../../../arm-none-eabi/lib/thumb/v7e-m+fp/hard\libc_nano.a(libc_a-mallocr.o)
 .ARM.attributes
                0x00000897       0x34 C:/ST/STM32CubeIDE_1.19.0/STM32CubeIDE/plugins/com.st.stm32cube.ide.mcu.externaltools.gnu-tools-for-stm32.13.3.rel1.win32_1.0.0.202411081344/tools/bin/../lib/gcc/arm-none-eabi/13.3.1/../../../../arm-none-eabi/lib/thumb/v7e-m+fp/hard\libc_nano.a(libc_a-mlock.o)
 .ARM.attributes
                0x000008cb       0x22 C:/ST/STM32CubeIDE_1.19.0/STM32CubeIDE/plugins/com.st.stm32cube.ide.mcu.externaltools.gnu-tools-for-stm32.13.3.rel1.win32_1.0.0.202411081344/tools/bin/../lib/gcc/arm-none-eabi/13.3.1/thumb/v7e-m+fp/hard\libgcc.a(_aeabi_uldivmod.o)
 .ARM.attributes
                0x000008ed       0x34 C:/ST/STM32CubeIDE_1.19.0/STM32CubeIDE/plugins/com.st.stm32cube.ide.mcu.externaltools.gnu-tools-for-stm32.13.3.rel1.win32_1.0.0.202411081344/tools/bin/../lib/gcc/arm-none-eabi/13.3.1/thumb/v7e-m+fp/hard\libgcc.a(_udivmoddi4.o)
 .ARM.attributes
                0x00000921       0x22 C:/ST/STM32CubeIDE_1.19.0/STM32CubeIDE/plugins/com.st.stm32cube.ide.mcu.externaltools.gnu-tools-for-stm32.13.3.rel1.win32_1.0.0.202411081344/tools/bin/../lib/gcc/arm-none-eabi/13.3.1/thumb/v7e-m+fp/hard\libgcc.a(_dvmd_tls.o)
 .ARM.attributes
                0x00000943       0x22 C:/ST/STM32CubeIDE_1.19.0/STM32CubeIDE/plugins/com.st.stm32cube.ide.mcu.externaltools.gnu-tools-for-stm32.13.3.rel1.win32_1.0.0.202411081344/tools/bin/../lib/gcc/arm-none-eabi/13.3.1/thumb/v7e-m+fp/hard/crtn.o
OUTPUT(mcu_firmware.elf elf32-littlearm)
LOAD linker stubs
LOAD C:/ST/STM32CubeIDE_1.19.0/STM32CubeIDE/plugins/com.st.stm32cube.ide.mcu.externaltools.gnu-tools-for-stm32.13.3.rel1.win32_1.0.0.202411081344/tools/bin/../lib/gcc/arm-none-eabi/13.3.1/../../../../arm-none-eabi/lib/thumb/v7e-m+fp/hard\libc.a
LOAD C:/ST/STM32CubeIDE_1.19.0/STM32CubeIDE/plugins/com.st.stm32cube.ide.mcu.externaltools.gnu-tools-for-stm32.13.3.rel1.win32_1.0.0.202411081344/tools/bin/../lib/gcc/arm-none-eabi/13.3.1/../../../../arm-none-eabi/lib/thumb/v7e-m+fp/hard\libm.a
LOAD C:/ST/STM32CubeIDE_1.19.0/STM32CubeIDE/plugins/com.st.stm32cube.ide.mcu.externaltools.gnu-tools-for-stm32.13.3.rel1.win32_1.0.0.202411081344/tools/bin/../lib/gcc/arm-none-eabi/13.3.1/thumb/v7e-m+fp/hard\libgcc.a

.debug_info     0x00000000    0x1c755
 .debug_info    0x00000000      0x4c6 ./Core/Src/command_dispatcher.o
 .debug_info    0x000004c6      0x43f ./Core/Src/dma.o
 .debug_info    0x00000905     0x1507 ./Core/Src/freertos.o
 .debug_info    0x00001e0c      0x3fb ./Core/Src/gpio.o
 .debug_info    0x00002207      0x800 ./Core/Src/ir_service.o
 .debug_info    0x00002a07      0xb6d ./Core/Src/main.o
 .debug_info    0x00003574      0x2c0 ./Core/Src/ota_service.o
 .debug_info    0x00003834      0x701 ./Core/Src/projector_service.o
 .debug_info    0x00003f35      0x472 ./Core/Src/relay_service.o
 .debug_info    0x000043a7      0x3c1 ./Core/Src/sps_protocol.o
 .debug_info    0x00004768      0x449 ./Core/Src/stm32f4xx_hal_msp.o
 .debug_info    0x00004bb1      0xb7d ./Core/Src/stm32f4xx_hal_timebase_tim.o
 .debug_info    0x0000572e      0x97c ./Core/Src/stm32f4xx_it.o
 .debug_info    0x000060aa      0x53e ./Core/Src/system_stm32f4xx.o
 .debug_info    0x000065e8      0xccc ./Core/Src/tim.o
 .debug_info    0x000072b4      0xbbd ./Core/Src/usart.o
 .debug_info    0x00007e71       0x30 ./Core/Startup/startup_stm32f401ccux.o
 .debug_info    0x00007ea1      0x8bb ./Drivers/STM32F4xx_HAL_Driver/Src/stm32f4xx_hal.o
 .debug_info    0x0000875c      0xcf6 ./Drivers/STM32F4xx_HAL_Driver/Src/stm32f4xx_hal_cortex.o
 .debug_info    0x00009452      0x8e6 ./Drivers/STM32F4xx_HAL_Driver/Src/stm32f4xx_hal_dma.o
 .debug_info    0x00009d38      0x6f9 ./Drivers/STM32F4xx_HAL_Driver/Src/stm32f4xx_hal_gpio.o
 .debug_info    0x0000a431      0x905 ./Drivers/STM32F4xx_HAL_Driver/Src/stm32f4xx_hal_rcc.o
 .debug_info    0x0000ad36     0x2996 ./Drivers/STM32F4xx_HAL_Driver/Src/stm32f4xx_hal_tim.o
 .debug_info    0x0000d6cc     0x14d4 ./Drivers/STM32F4xx_HAL_Driver/Src/stm32f4xx_hal_tim_ex.o
 .debug_info    0x0000eba0     0x2f56 ./Drivers/STM32F4xx_HAL_Driver/Src/stm32f4xx_hal_uart.o
 .debug_info    0x00011af6     0x4073 ./Middlewares/Third_Party/FreeRTOS/Source/CMSIS_RTOS_V2/cmsis_os2.o
 .debug_info    0x00015b69      0x2af ./Middlewares/Third_Party/FreeRTOS/Source/list.o
 .debug_info    0x00015e18     0x1b79 ./Middlewares/Third_Party/FreeRTOS/Source/queue.o
 .debug_info    0x00017991     0x28c1 ./Middlewares/Third_Party/FreeRTOS/Source/tasks.o
 .debug_info    0x0001a252     0x1b50 ./Middlewares/Third_Party/FreeRTOS/Source/timers.o
 .debug_info    0x0001bda2      0x4de ./Middlewares/Third_Party/FreeRTOS/Source/portable/GCC/ARM_CM4F/port.o
 .debug_info    0x0001c280      0x4d5 ./Middlewares/Third_Party/FreeRTOS/Source/portable/MemMang/heap_4.o

.debug_abbrev   0x00000000     0x4615
 .debug_abbrev  0x00000000      0x182 ./Core/Src/command_dispatcher.o
 .debug_abbrev  0x00000182      0x10e ./Core/Src/dma.o
 .debug_abbrev  0x00000290      0x2e1 ./Core/Src/freertos.o
 .debug_abbrev  0x00000571      0x151 ./Core/Src/gpio.o
 .debug_abbrev  0x000006c2      0x1e7 ./Core/Src/ir_service.o
 .debug_abbrev  0x000008a9      0x24d ./Core/Src/main.o
 .debug_abbrev  0x00000af6      0x145 ./Core/Src/ota_service.o
 .debug_abbrev  0x00000c3b      0x1b9 ./Core/Src/projector_service.o
 .debug_abbrev  0x00000df4      0x23c ./Core/Src/relay_service.o
 .debug_abbrev  0x00001030      0x182 ./Core/Src/sps_protocol.o
 .debug_abbrev  0x000011b2      0x119 ./Core/Src/stm32f4xx_hal_msp.o
 .debug_abbrev  0x000012cb      0x207 ./Core/Src/stm32f4xx_hal_timebase_tim.o
 .debug_abbrev  0x000014d2      0x19b ./Core/Src/stm32f4xx_it.o
 .debug_abbrev  0x0000166d      0x11a ./Core/Src/system_stm32f4xx.o
 .debug_abbrev  0x00001787      0x219 ./Core/Src/tim.o
 .debug_abbrev  0x000019a0      0x231 ./Core/Src/usart.o
 .debug_abbrev  0x00001bd1       0x24 ./Core/Startup/startup_stm32f401ccux.o
 .debug_abbrev  0x00001bf5      0x24b ./Drivers/STM32F4xx_HAL_Driver/Src/stm32f4xx_hal.o
 .debug_abbrev  0x00001e40      0x31d ./Drivers/STM32F4xx_HAL_Driver/Src/stm32f4xx_hal_cortex.o
 .debug_abbrev  0x0000215d      0x221 ./Drivers/STM32F4xx_HAL_Driver/Src/stm32f4xx_hal_dma.o
 .debug_abbrev  0x0000237e      0x1d3 ./Drivers/STM32F4xx_HAL_Driver/Src/stm32f4xx_hal_gpio.o
 .debug_abbrev  0x00002551      0x2b6 ./Drivers/STM32F4xx_HAL_Driver/Src/stm32f4xx_hal_rcc.o
 .debug_abbrev  0x00002807      0x28b ./Drivers/STM32F4xx_HAL_Driver/Src/stm32f4xx_hal_tim.o
 .debug_abbrev  0x00002a92      0x296 ./Drivers/STM32F4xx_HAL_Driver/Src/stm32f4xx_hal_tim_ex.o
 .debug_abbrev  0x00002d28      0x31b ./Drivers/STM32F4xx_HAL_Driver/Src/stm32f4xx_hal_uart.o
 .debug_abbrev  0x00003043      0x548 ./Middlewares/Third_Party/FreeRTOS/Source/CMSIS_RTOS_V2/cmsis_os2.o
 .debug_abbrev  0x0000358b       0xf5 ./Middlewares/Third_Party/FreeRTOS/Source/list.o
 .debug_abbrev  0x00003680      0x3b6 ./Middlewares/Third_Party/FreeRTOS/Source/queue.o
 .debug_abbrev  0x00003a36      0x3fe ./Middlewares/Third_Party/FreeRTOS/Source/tasks.o
 .debug_abbrev  0x00003e34      0x368 ./Middlewares/Third_Party/FreeRTOS/Source/timers.o
 .debug_abbrev  0x0000419c      0x25c ./Middlewares/Third_Party/FreeRTOS/Source/portable/GCC/ARM_CM4F/port.o
 .debug_abbrev  0x000043f8      0x21d ./Middlewares/Third_Party/FreeRTOS/Source/portable/MemMang/heap_4.o

.debug_aranges  0x00000000     0x16e0
 .debug_aranges
                0x00000000       0x28 ./Core/Src/command_dispatcher.o
 .debug_aranges
                0x00000028       0x20 ./Core/Src/dma.o
 .debug_aranges
                0x00000048       0x78 ./Core/Src/freertos.o
 .debug_aranges
                0x000000c0       0x20 ./Core/Src/gpio.o
 .debug_aranges
                0x000000e0       0x38 ./Core/Src/ir_service.o
 .debug_aranges
                0x00000118       0x38 ./Core/Src/main.o
 .debug_aranges
                0x00000150       0x58 ./Core/Src/ota_service.o
 .debug_aranges
                0x000001a8       0x30 ./Core/Src/projector_service.o
 .debug_aranges
                0x000001d8       0x70 ./Core/Src/relay_service.o
 .debug_aranges
                0x00000248       0x40 ./Core/Src/sps_protocol.o
 .debug_aranges
                0x00000288       0x20 ./Core/Src/stm32f4xx_hal_msp.o
 .debug_aranges
                0x000002a8       0x30 ./Core/Src/stm32f4xx_hal_timebase_tim.o
 .debug_aranges
                0x000002d8       0x60 ./Core/Src/stm32f4xx_it.o
 .debug_aranges
                0x00000338       0x28 ./Core/Src/system_stm32f4xx.o
 .debug_aranges
                0x00000360       0x38 ./Core/Src/tim.o
 .debug_aranges
                0x00000398       0x38 ./Core/Src/usart.o
 .debug_aranges
                0x000003d0       0x28 ./Core/Startup/startup_stm32f401ccux.o
 .debug_aranges
                0x000003f8       0xf0 ./Drivers/STM32F4xx_HAL_Driver/Src/stm32f4xx_hal.o
 .debug_aranges
                0x000004e8      0x130 ./Drivers/STM32F4xx_HAL_Driver/Src/stm32f4xx_hal_cortex.o
 .debug_aranges
                0x00000618       0x90 ./Drivers/STM32F4xx_HAL_Driver/Src/stm32f4xx_hal_dma.o
 .debug_aranges
                0x000006a8       0x58 ./Drivers/STM32F4xx_HAL_Driver/Src/stm32f4xx_hal_gpio.o
 .debug_aranges
                0x00000700       0x88 ./Drivers/STM32F4xx_HAL_Driver/Src/stm32f4xx_hal_rcc.o
 .debug_aranges
                0x00000788      0x3d0 ./Drivers/STM32F4xx_HAL_Driver/Src/stm32f4xx_hal_tim.o
 .debug_aranges
                0x00000b58      0x168 ./Drivers/STM32F4xx_HAL_Driver/Src/stm32f4xx_hal_tim_ex.o
 .debug_aranges
                0x00000cc0      0x208 ./Drivers/STM32F4xx_HAL_Driver/Src/stm32f4xx_hal_uart.o
 .debug_aranges
                0x00000ec8      0x2b0 ./Middlewares/Third_Party/FreeRTOS/Source/CMSIS_RTOS_V2/cmsis_os2.o
 .debug_aranges
                0x00001178       0x40 ./Middlewares/Third_Party/FreeRTOS/Source/list.o
 .debug_aranges
                0x000011b8      0x158 ./Middlewares/Third_Party/FreeRTOS/Source/queue.o
 .debug_aranges
                0x00001310      0x208 ./Middlewares/Third_Party/FreeRTOS/Source/tasks.o
 .debug_aranges
                0x00001518       0xf0 ./Middlewares/Third_Party/FreeRTOS/Source/timers.o
 .debug_aranges
                0x00001608       0x80 ./Middlewares/Third_Party/FreeRTOS/Source/portable/GCC/ARM_CM4F/port.o
 .debug_aranges
                0x00001688       0x58 ./Middlewares/Third_Party/FreeRTOS/Source/portable/MemMang/heap_4.o

.debug_rnglists
                0x00000000     0x119f
 .debug_rnglists
                0x00000000       0x1a ./Core/Src/command_dispatcher.o
 .debug_rnglists
                0x0000001a       0x13 ./Core/Src/dma.o
 .debug_rnglists
                0x0000002d       0x66 ./Core/Src/freertos.o
 .debug_rnglists
                0x00000093       0x14 ./Core/Src/gpio.o
 .debug_rnglists
                0x000000a7       0x25 ./Core/Src/ir_service.o
 .debug_rnglists
                0x000000cc       0x26 ./Core/Src/main.o
 .debug_rnglists
                0x000000f2       0x3e ./Core/Src/ota_service.o
 .debug_rnglists
                0x00000130       0x1f ./Core/Src/projector_service.o
 .debug_rnglists
                0x0000014f       0x50 ./Core/Src/relay_service.o
 .debug_rnglists
                0x0000019f       0x2f ./Core/Src/sps_protocol.o
 .debug_rnglists
                0x000001ce       0x13 ./Core/Src/stm32f4xx_hal_msp.o
 .debug_rnglists
                0x000001e1       0x20 ./Core/Src/stm32f4xx_hal_timebase_tim.o
 .debug_rnglists
                0x00000201       0x43 ./Core/Src/stm32f4xx_it.o
 .debug_rnglists
                0x00000244       0x1a ./Core/Src/system_stm32f4xx.o
 .debug_rnglists
                0x0000025e       0x26 ./Core/Src/tim.o
 .debug_rnglists
                0x00000284       0x26 ./Core/Src/usart.o
 .debug_rnglists
                0x000002aa       0x19 ./Core/Startup/startup_stm32f401ccux.o
 .debug_rnglists
                0x000002c3       0xaf ./Drivers/STM32F4xx_HAL_Driver/Src/stm32f4xx_hal.o
 .debug_rnglists
                0x00000372       0xe0 ./Drivers/STM32F4xx_HAL_Driver/Src/stm32f4xx_hal_cortex.o
 .debug_rnglists
                0x00000452       0x70 ./Drivers/STM32F4xx_HAL_Driver/Src/stm32f4xx_hal_dma.o
 .debug_rnglists
                0x000004c2       0x3f ./Drivers/STM32F4xx_HAL_Driver/Src/stm32f4xx_hal_gpio.o
 .debug_rnglists
                0x00000501       0x66 ./Drivers/STM32F4xx_HAL_Driver/Src/stm32f4xx_hal_rcc.o
 .debug_rnglists
                0x00000567      0x31a ./Drivers/STM32F4xx_HAL_Driver/Src/stm32f4xx_hal_tim.o
 .debug_rnglists
                0x00000881      0x125 ./Drivers/STM32F4xx_HAL_Driver/Src/stm32f4xx_hal_tim_ex.o
 .debug_rnglists
                0x000009a6      0x1bc ./Drivers/STM32F4xx_HAL_Driver/Src/stm32f4xx_hal_uart.o
 .debug_rnglists
                0x00000b62      0x212 ./Middlewares/Third_Party/FreeRTOS/Source/CMSIS_RTOS_V2/cmsis_os2.o
 .debug_rnglists
                0x00000d74       0x2b ./Middlewares/Third_Party/FreeRTOS/Source/list.o
 .debug_rnglists
                0x00000d9f      0x109 ./Middlewares/Third_Party/FreeRTOS/Source/queue.o
 .debug_rnglists
                0x00000ea8      0x1a0 ./Middlewares/Third_Party/FreeRTOS/Source/tasks.o
 .debug_rnglists
                0x00001048       0xb8 ./Middlewares/Third_Party/FreeRTOS/Source/timers.o
 .debug_rnglists