../Drivers/STM32F4xx_HAL_Driver/Inc/stm32f4xx_ll_rcc.h:2988:22:LL_RCC_HSI_Enable	4	static
../Drivers/STM32F4xx_HAL_Driver/Inc/stm32f4xx_ll_rcc.h:3008:26:LL_RCC_HSI_IsReady	4	static
../Drivers/STM32F4xx_HAL_Driver/Inc/stm32f4xx_ll_rcc.h:3034:22:LL_RCC_HSI_SetCalibTrimming	16	static
../Drivers/STM32F4xx_HAL_Driver/Inc/stm32f4xx_ll_rcc.h:3189:22:LL_RCC_SetSysClkSource	16	static
../Drivers/STM32F4xx_HAL_Driver/Inc/stm32f4xx_ll_rcc.h:3205:26:LL_RCC_GetSysClkSource	4	static
../Drivers/STM32F4xx_HAL_Driver/Inc/stm32f4xx_ll_rcc.h:3225:22:LL_RCC_SetAHBPrescaler	16	static
../Drivers/STM32F4xx_HAL_Driver/Inc/stm32f4xx_ll_rcc.h:3241:22:LL_RCC_SetAPB1Prescaler	16	static
../Drivers/STM32F4xx_HAL_Driver/Inc/stm32f4xx_ll_rcc.h:3257:22:LL_RCC_SetAPB2Prescaler	16	static
../Drivers/STM32F4xx_HAL_Driver/Inc/stm32f4xx_ll_rcc.h:4154:22:LL_RCC_SetTIMPrescaler	16	static
../Drivers/STM32F4xx_HAL_Driver/Inc/stm32f4xx_ll_system.h:1543:22:LL_FLASH_SetLatency	16	static
../Drivers/STM32F4xx_HAL_Driver/Inc/stm32f4xx_ll_system.h:1569:26:LL_FLASH_GetLatency	4	static
../Drivers/STM32F4xx_HAL_Driver/Inc/stm32f4xx_ll_pwr.h:505:22:LL_PWR_SetRegulVoltageScaling	16	static
../Core/Src/main.c:67:5:main	8	static
../Core/Src/main.c:122:6:SystemClock_Config	8	static
../Core/Src/main.c:169:6:HAL_TIM_PeriodElapsedCallback	16	static
../Core/Src/main.c:187:6:Error_Handler	4	static,ignoring_inline_asm
